Component: ARM Compiler 5.06 update 7 (build 960) Tool: armlink [4d3601]

==============================================================================

Section Cross References

    main.o(i.main) refers to _printf_percent.o(.ARM.Collect$$_printf_percent$$00000000) for _printf_percent
    main.o(i.main) refers to _printf_d.o(.ARM.Collect$$_printf_percent$$00000009) for _printf_d
    main.o(i.main) refers to _printf_dec.o(.text) for _printf_int_dec
    main.o(i.main) refers to misc.o(i.NVIC_PriorityGroupConfig) for NVIC_PriorityGroupConfig
    main.o(i.main) refers to delay.o(i.delay_init) for delay_init
    main.o(i.main) refers to usart.o(i.uart_init) for uart_init
    main.o(i.main) refers to led.o(i.LED_Init) for LED_Init
    main.o(i.main) refers to beep.o(i.BEEP_Init) for BEEP_Init
    main.o(i.main) refers to key.o(i.KEY_Init) for KEY_Init
    main.o(i.main) refers to lcd.o(i.LCD_Init) for LCD_Init
    main.o(i.main) refers to sram.o(i.FSMC_SRAM_Init) for FSMC_SRAM_Init
    main.o(i.main) refers to malloc.o(i.my_mem_init) for my_mem_init
    main.o(i.main) refers to w25qxx.o(i.W25QXX_Init) for W25QXX_Init
    main.o(i.main) refers to lcd.o(i.LCD_Clear) for LCD_Clear
    main.o(i.main) refers to lcd.o(i.LCD_ShowString) for LCD_ShowString
    main.o(i.main) refers to delay.o(i.delay_ms) for delay_ms
    main.o(i.main) refers to lcd.o(i.LCD_Fill) for LCD_Fill
    main.o(i.main) refers to fontupd.o(i.font_init) for font_init
    main.o(i.main) refers to text.o(i.Show_Str_Mid) for Show_Str_Mid
    main.o(i.main) refers to ov2640.o(i.OV2640_Init) for OV2640_Init
    main.o(i.main) refers to ov2640.o(i.OV2640_Special_Effects) for OV2640_Special_Effects
    main.o(i.main) refers to ov2640.o(i.OV2640_RGB565_Mode) for OV2640_RGB565_Mode
    main.o(i.main) refers to dcmi.o(i.My_DCMI_Init) for My_DCMI_Init
    main.o(i.main) refers to text.o(i.Show_Str) for Show_Str
    main.o(i.main) refers to malloc.o(i.mymalloc) for mymalloc
    main.o(i.main) refers to dcmi.o(i.DCMI_DMA_Init) for DCMI_DMA_Init
    main.o(i.main) refers to ov2640.o(i.OV2640_OutSize_Set) for OV2640_OutSize_Set
    main.o(i.main) refers to dcmi.o(i.DCMI_Start) for DCMI_Start
    main.o(i.main) refers to malloc.o(i.my_mem_perused) for my_mem_perused
    main.o(i.main) refers to __2printf.o(.text) for __2printf
    main.o(i.main) refers to atk_zbar.o(i.atk_qr_init) for atk_qr_init
    main.o(i.main) refers to key.o(i.KEY_Scan) for KEY_Scan
    main.o(i.main) refers to lcd.o(i.LCD_Color_Fill) for LCD_Color_Fill
    main.o(i.main) refers to main.o(i.qr_decode) for qr_decode
    main.o(i.main) refers to atk_zbar.o(i.atk_qr_destroy) for atk_qr_destroy
    main.o(i.main) refers to lcd.o(.data) for POINT_COLOR
    main.o(i.main) refers to lcd.o(.bss) for lcddev
    main.o(i.main) refers to main.o(.data) for qr_image_width
    main.o(i.main) refers to main.o(i.qr_dcmi_rx_callback) for qr_dcmi_rx_callback
    main.o(i.main) refers to dcmi.o(.data) for dcmi_rx_callback
    main.o(i.qr_dcmi_rx_callback) refers to main.o(.data) for dcmi_curline
    main.o(i.qr_decode) refers to _printf_percent.o(.ARM.Collect$$_printf_percent$$00000000) for _printf_percent
    main.o(i.qr_decode) refers to _printf_s.o(.ARM.Collect$$_printf_percent$$00000014) for _printf_s
    main.o(i.qr_decode) refers to _printf_str.o(.text) for _printf_str
    main.o(i.qr_decode) refers to malloc.o(i.mymalloc) for mymalloc
    main.o(i.qr_decode) refers to malloc.o(i.mymemset) for mymemset
    main.o(i.qr_decode) refers to atk_zbar.o(i.atk_qr_decode) for atk_qr_decode
    main.o(i.qr_decode) refers to delay.o(i.delay_ms) for delay_ms
    main.o(i.qr_decode) refers to lcd.o(i.LCD_Fill) for LCD_Fill
    main.o(i.qr_decode) refers to text.o(i.Show_Str) for Show_Str
    main.o(i.qr_decode) refers to __2printf.o(.text) for __2printf
    main.o(i.qr_decode) refers to malloc.o(i.myfree) for myfree
    main.o(i.qr_decode) refers to main.o(.data) for bartype
    main.o(i.qr_decode) refers to lcd.o(.data) for POINT_COLOR
    main.o(i.qr_decode) refers to lcd.o(.bss) for lcddev
    system_stm32f4xx.o(i.SystemCoreClockUpdate) refers to system_stm32f4xx.o(.data) for SystemCoreClock
    system_stm32f4xx.o(i.SystemInit) refers to system_stm32f4xx.o(i.SetSysClock) for SetSysClock
    timer.o(i.TIM3_IRQHandler) refers to stm32f4xx_tim.o(i.TIM_GetITStatus) for TIM_GetITStatus
    timer.o(i.TIM3_IRQHandler) refers to malloc.o(i.my_mem_perused) for my_mem_perused
    timer.o(i.TIM3_IRQHandler) refers to lcd.o(i.LCD_ShowNum) for LCD_ShowNum
    timer.o(i.TIM3_IRQHandler) refers to stm32f4xx_tim.o(i.TIM_ClearITPendingBit) for TIM_ClearITPendingBit
    timer.o(i.TIM3_Int_Init) refers to stm32f4xx_rcc.o(i.RCC_APB1PeriphClockCmd) for RCC_APB1PeriphClockCmd
    timer.o(i.TIM3_Int_Init) refers to stm32f4xx_tim.o(i.TIM_TimeBaseInit) for TIM_TimeBaseInit
    timer.o(i.TIM3_Int_Init) refers to stm32f4xx_tim.o(i.TIM_ITConfig) for TIM_ITConfig
[...]
    DCMI_DeInit                              0x0800105d   Thumb Code    24  stm32f4xx_dcmi.o(i.DCMI_DeInit)
    DCMI_GetITStatus                         0x08001079   Thumb Code    24  stm32f4xx_dcmi.o(i.DCMI_GetITStatus)
    DCMI_IRQHandler                          0x08001095   Thumb Code    56  dcmi.o(i.DCMI_IRQHandler)
    DCMI_ITConfig                            0x080010dd   Thumb Code    30  stm32f4xx_dcmi.o(i.DCMI_ITConfig)
    DCMI_Init                                0x08001101   Thumb Code    60  stm32f4xx_dcmi.o(i.DCMI_Init)
    DCMI_Start                               0x08001141   Thumb Code    30  dcmi.o(i.DCMI_Start)
    DMA2_Stream1_IRQHandler                  0x08001165   Thumb Code    30  dcmi.o(i.DMA2_Stream1_IRQHandler)
    DMA_ClearFlag                            0x08001191   Thumb Code    38  stm32f4xx_dma.o(i.DMA_ClearFlag)
    DMA_Cmd                                  0x080011c5   Thumb Code    22  stm32f4xx_dma.o(i.DMA_Cmd)
    DMA_DeInit                               0x080011dd   Thumb Code   324  stm32f4xx_dma.o(i.DMA_DeInit)
    DMA_DoubleBufferModeCmd                  0x08001335   Thumb Code    22  stm32f4xx_dma.o(i.DMA_DoubleBufferModeCmd)
    DMA_GetCmdStatus                         0x0800134b   Thumb Code    20  stm32f4xx_dma.o(i.DMA_GetCmdStatus)
    DMA_GetFlagStatus                        0x08001361   Thumb Code    54  stm32f4xx_dma.o(i.DMA_GetFlagStatus)
    DMA_ITConfig                             0x080013a5   Thumb Code    58  stm32f4xx_dma.o(i.DMA_ITConfig)
    DMA_Init                                 0x080013e1   Thumb Code    82  stm32f4xx_dma.o(i.DMA_Init)
    DMA_MemoryTargetConfig                   0x08001439   Thumb Code    10  stm32f4xx_dma.o(i.DMA_MemoryTargetConfig)
    DebugMon_Handler                         0x08001443   Thumb Code     2  stm32f4xx_it.o(i.DebugMon_Handler)
    FSMC_NORSRAMCmd                          0x08001445   Thumb Code    46  stm32f4xx_fsmc.o(i.FSMC_NORSRAMCmd)
    FSMC_NORSRAMInit                         0x08001479   Thumb Code   230  stm32f4xx_fsmc.o(i.FSMC_NORSRAMInit)
    FSMC_SRAM_Init                           0x08001561   Thumb Code   694  sram.o(i.FSMC_SRAM_Init)
    GPIO_Init                                0x0800182d   Thumb Code   144  stm32f4xx_gpio.o(i.GPIO_Init)
    GPIO_PinAFConfig                         0x080018bd   Thumb Code    70  stm32f4xx_gpio.o(i.GPIO_PinAFConfig)
    GPIO_ReadInputDataBit                    0x08001903   Thumb Code    18  stm32f4xx_gpio.o(i.GPIO_ReadInputDataBit)
    GPIO_ResetBits                           0x08001915   Thumb Code     4  stm32f4xx_gpio.o(i.GPIO_ResetBits)
    GPIO_SetBits                             0x08001919   Thumb Code     4  stm32f4xx_gpio.o(i.GPIO_SetBits)
    Get_HzMat                                0x0800191d   Thumb Code   220  text.o(i.Get_HzMat)
    HardFault_Handler                        0x080019fd   Thumb Code    16  stm32f4xx_it.o(i.HardFault_Handler)
    KEY_Init                                 0x08001a11   Thumb Code    60  key.o(i.KEY_Init)
    KEY_Scan                                 0x08001a55   Thumb Code   188  key.o(i.KEY_Scan)
    LCD_Clear                                0x08001b1d   Thumb Code   100  lcd.o(i.LCD_Clear)
    LCD_Color_Fill                           0x08001b89   Thumb Code    92  lcd.o(i.LCD_Color_Fill)
    LCD_Display_Dir                          0x08001be9   Thumb Code   444  lcd.o(i.LCD_Display_Dir)
    LCD_Fast_DrawPoint                       0x08001da9   Thumb Code   374  lcd.o(i.LCD_Fast_DrawPoint)
    LCD_Fill                                 0x08001f29   Thumb Code   180  lcd.o(i.LCD_Fill)
    LCD_Init                                 0x08001fe1   Thumb Code 14696  lcd.o(i.LCD_Init)
    LCD_Pow                                  0x08005951   Thumb Code    22  lcd.o(i.LCD_Pow)
    LCD_RD_DATA                              0x08005969   Thumb Code    14  lcd.o(i.LCD_RD_DATA)
    LCD_ReadReg                              0x0800597d   Thumb Code    22  lcd.o(i.LCD_ReadReg)
    LCD_SSD_BackLightSet                     0x08005995   Thumb Code    88  lcd.o(i.LCD_SSD_BackLightSet)
    LCD_Scan_Dir                             0x080059f5   Thumb Code   744  lcd.o(i.LCD_Scan_Dir)
    LCD_SetCursor                            0x08005ce1   Thumb Code   418  lcd.o(i.LCD_SetCursor)
    LCD_ShowChar                             0x08005e89   Thumb Code   272  lcd.o(i.LCD_ShowChar)
    LCD_ShowNum                              0x08005fb1   Thumb Code   148  lcd.o(i.LCD_ShowNum)
    LCD_ShowString                           0x08006045   Thumb Code   102  lcd.o(i.LCD_ShowString)
    LCD_WR_DATA                              0x080060ad   Thumb Code    18  lcd.o(i.LCD_WR_DATA)
    LCD_WR_REG                               0x080060c5   Thumb Code    18  lcd.o(i.LCD_WR_REG)
    LCD_WriteRAM_Prepare                     0x080060dd   Thumb Code    10  lcd.o(i.LCD_WriteRAM_Prepare)
    LCD_WriteReg                             0x080060f1   Thumb Code    14  lcd.o(i.LCD_WriteReg)
    LED_Init                                 0x08006105   Thumb Code    60  led.o(i.LED_Init)
    MemManage_Handler                        0x08006145   Thumb Code     4  stm32f4xx_it.o(i.MemManage_Handler)
    My_DCMI_Init                             0x08006149   Thumb Code   278  dcmi.o(i.My_DCMI_Init)
    NMI_Handler                              0x08006275   Thumb Code     2  stm32f4xx_it.o(i.NMI_Handler)
    NVIC_Init                                0x08006279   Thumb Code   106  misc.o(i.NVIC_Init)
    NVIC_PriorityGroupConfig                 0x080062f1   Thumb Code    10  misc.o(i.NVIC_PriorityGroupConfig)
    OV2640_Init                              0x08006305   Thumb Code   232  ov2640.o(i.OV2640_Init)
    OV2640_OutSize_Set                       0x08006415   Thumb Code   136  ov2640.o(i.OV2640_OutSize_Set)
    OV2640_RGB565_Mode                       0x0800649d   Thumb Code    36  ov2640.o(i.OV2640_RGB565_Mode)
    OV2640_Special_Effects                   0x080064c5   Thumb Code   122  ov2640.o(i.OV2640_Special_Effects)
    PendSV_Handler                           0x0800653f   Thumb Code     2  stm32f4xx_it.o(i.PendSV_Handler)
    RCC_AHB1PeriphClockCmd                   0x08006541   Thumb Code    26  stm32f4xx_rcc.o(i.RCC_AHB1PeriphClockCmd)
    RCC_AHB2PeriphClockCmd                   0x08006561   Thumb Code    26  stm32f4xx_rcc.o(i.RCC_AHB2PeriphClockCmd)
    RCC_AHB3PeriphClockCmd                   0x08006581   Thumb Code    26  stm32f4xx_rcc.o(i.RCC_AHB3PeriphClockCmd)
    RCC_APB2PeriphClockCmd                   0x080065a1   Thumb Code    26  stm32f4xx_rcc.o(i.RCC_APB2PeriphClockCmd)
    RCC_APB2PeriphResetCmd                   0x080065c1   Thumb Code    26  stm32f4xx_rcc.o(i.RCC_APB2PeriphResetCmd)
    RCC_GetClocksFreq                        0x080065e1   Thumb Code   214  stm32f4xx_rcc.o(i.RCC_GetClocksFreq)
    SCCB_Init                                0x080066c9   Thumb Code    78  sccb.o(i.SCCB_Init)
    SCCB_No_Ack                              0x0800671d   Thumb Code    56  sccb.o(i.SCCB_No_Ack)
    SCCB_RD_Byte                             0x0800675d   Thumb Code   100  sccb.o(i.SCCB_RD_Byte)
    SCCB_RD_Reg                              0x080067cd   Thumb Code    78  sccb.o(i.SCCB_RD_Reg)
    SCCB_Start                               0x0800681d   Thumb Code    42  sccb.o(i.SCCB_Start)
    SCCB_Stop                                0x08006851   Thumb Code    42  sccb.o(i.SCCB_Stop)
    SCCB_WR_Byte                             0x08006885   Thumb Code   154  sccb.o(i.SCCB_WR_Byte)
    SCCB_WR_Reg                              0x0800692d   Thumb Code    62  sccb.o(i.SCCB_WR_Reg)
    SDIO_ClearFlag                           0x0800696d   Thumb Code     6  stm32f4xx_sdio.o(i.SDIO_ClearFlag)
    SDIO_GetFlagStatus                       0x08006979   Thumb Code    20  stm32f4xx_sdio.o(i.SDIO_GetFlagStatus)
    SDIO_IRQHandler                          0x08006991   Thumb Code     8  sdio_sdcard.o(i.SDIO_IRQHandler)
    SDIO_SendCommand                         0x08006999   Thumb Code    40  stm32f4xx_sdio.o(i.SDIO_SendCommand)
    SD_ProcessIRQSrc                         0x080069c5   Thumb Code   318  sdio_sdcard.o(i.SD_ProcessIRQSrc)
    SPI1_Init                                0x08006b19   Thumb Code   186  spi.o(i.SPI1_Init)
    SPI1_ReadWriteByte                       0x08006bdd   Thumb Code    50  spi.o(i.SPI1_ReadWriteByte)
    SPI1_SetSpeed                            0x08006c15   Thumb Code    36  spi.o(i.SPI1_SetSpeed)
    SPI_Cmd                                  0x08006c3d   Thumb Code    24  stm32f4xx_spi.o(i.SPI_Cmd)
    SPI_I2S_GetFlagStatus                    0x08006c55   Thumb Code    18  stm32f4xx_spi.o(i.SPI_I2S_GetFlagStatus)
    SPI_I2S_ReceiveData                      0x08006c67   Thumb Code     6  stm32f4xx_spi.o(i.SPI_I2S_ReceiveData)
    SPI_I2S_SendData                         0x08006c6d   Thumb Code     4  stm32f4xx_spi.o(i.SPI_I2S_SendData)
    SPI_Init                                 0x08006c71   Thumb Code    60  stm32f4xx_spi.o(i.SPI_Init)
    SVC_Handler                              0x08006cad   Thumb Code     2  stm32f4xx_it.o(i.SVC_Handler)
    Show_Font                                0x08006d9d   Thumb Code   190  text.o(i.Show_Font)
    Show_Str                                 0x08006e65   Thumb Code   194  text.o(i.Show_Str)
    Show_Str_Mid                             0x08006f29   Thumb Code   106  text.o(i.Show_Str_Mid)
    SysTick_CLKSourceConfig                  0x08006f99   Thumb Code    40  misc.o(i.SysTick_CLKSourceConfig)
    SysTick_Handler                          0x08006fc1   Thumb Code     2  stm32f4xx_it.o(i.SysTick_Handler)
    SystemInit                               0x08006fc5   Thumb Code    88  system_stm32f4xx.o(i.SystemInit)
    TIM3_IRQHandler                          0x0800702d   Thumb Code    96  timer.o(i.TIM3_IRQHandler)
    TIM_ClearITPendingBit                    0x08007091   Thumb Code     6  stm32f4xx_tim.o(i.TIM_ClearITPendingBit)
    TIM_GetITStatus                          0x08007097   Thumb Code    34  stm32f4xx_tim.o(i.TIM_GetITStatus)
    USART1_IRQHandler                        0x080070b9   Thumb Code   122  usart.o(i.USART1_IRQHandler)
    USART_Cmd                                0x08007141   Thumb Code    24  stm32f4xx_usart.o(i.USART_Cmd)
    USART_GetITStatus                        0x08007159   Thumb Code    84  stm32f4xx_usart.o(i.USART_GetITStatus)
    USART_ITConfig                           0x080071ad   Thumb Code    74  stm32f4xx_usart.o(i.USART_ITConfig)
    USART_Init                               0x080071f9   Thumb Code   204  stm32f4xx_usart.o(i.USART_Init)
    USART_ReceiveData                        0x080072cd   Thumb Code    10  stm32f4xx_usart.o(i.USART_ReceiveData)
    UsageFault_Handler                       0x080072d7   Thumb Code     4  stm32f4xx_it.o(i.UsageFault_Handler)
    W25QXX_Init                              0x080072dd   Thumb Code   102  w25qxx.o(i.W25QXX_Init)
    W25QXX_Read                              0x08007355   Thumb Code    74  w25qxx.o(i.W25QXX_Read)
    W25QXX_ReadID                            0x080073a5   Thumb Code    64  w25qxx.o(i.W25QXX_ReadID)
    _is_digit                                0x080073ed   Thumb Code    14  __printf_wp.o(i._is_digit)
    _sys_exit                                0x080073fb   Thumb Code     4  usart.o(i._sys_exit)
    _zbar_decode_code128                     0x08007401   Thumb Code   380  code128.o(i._zbar_decode_code128)
    _zbar_decode_code39                      0x0800757d   Thumb Code   358  code39.o(i._zbar_decode_code39)
    _zbar_decode_ean                         0x080076e3   Thumb Code   156  ean.o(i._zbar_decode_ean)
    _zbar_decode_i25                         0x0800777f   Thumb Code   258  i25.o(i._zbar_decode_i25)
    _zbar_decoder_get_qr_finder_line         0x08007881   Thumb Code     4  qr_finder.o(i._zbar_decoder_get_qr_finder_line)
    _zbar_find_qr                            0x08007885   Thumb Code   222  qr_finder.o(i._zbar_find_qr)
    _zbar_image_free                         0x08007963   Thumb Code    30  image.o(i._zbar_image_free)
    _zbar_image_scanner_add_sym              0x080079ab   Thumb Code    64  img_scanner.o(i._zbar_image_scanner_add_sym)
    _zbar_image_scanner_alloc_sym            0x080079eb   Thumb Code   166  img_scanner.o(i._zbar_image_scanner_alloc_sym)
    _zbar_image_scanner_recycle_syms         0x08007a91   Thumb Code   124  img_scanner.o(i._zbar_image_scanner_recycle_syms)
    _zbar_qr_create                          0x08007b0d   Thumb Code    52  qrdec.o(i._zbar_qr_create)
    _zbar_qr_decode                          0x08007b41   Thumb Code   252  qrdec.o(i._zbar_qr_decode)
    _zbar_qr_destroy                         0x08007c45   Thumb Code    34  qrdec.o(i._zbar_qr_destroy)
    _zbar_qr_found_line                      0x08007c67   Thumb Code    74  qrdec.o(i._zbar_qr_found_line)
    _zbar_qr_reset                           0x08007cb1   Thumb Code    12  qrdec.o(i._zbar_qr_reset)
    _zbar_refcnt_init                        0x08007cbd   Thumb Code     2  refcnt.o(i._zbar_refcnt_init)
    _zbar_symbol_free                        0x08007cbf   Thumb Code    50  symbol.o(i._zbar_symbol_free)
    _zbar_symbol_set_create                  0x08007d03   Thumb Code    34  symbol.o(i._zbar_symbol_set_create)
    _zbar_symbol_set_free                    0x08007d25   Thumb Code    42  symbol.o(i._zbar_symbol_set_free)
    atk_guess_utf8                           0x08007d4f   Thumb Code    28  atk_zbar.o(i.atk_guess_utf8)
    atk_qr_convert                           0x08007d6b   Thumb Code    14  atk_qrdecode.o(i.atk_qr_convert)
    atk_qr_count_gbk                         0x08007d79   Thumb Code    62  atk_zbar.o(i.atk_qr_count_gbk)
    atk_qr_count_utf8                        0x08007db7   Thumb Code    98  atk_zbar.o(i.atk_qr_count_utf8)
    atk_qr_decode                            0x08007e19   Thumb Code   294  atk_zbar.o(i.atk_qr_decode)
    atk_qr_destroy                           0x08007f4d   Thumb Code    52  atk_zbar.o(i.atk_qr_destroy)
    atk_qr_free                              0x08007f89   Thumb Code    14  atk_qrdecode.o(i.atk_qr_free)
    atk_qr_init                              0x08007f99   Thumb Code   108  atk_zbar.o(i.atk_qr_init)
    atk_qr_malloc                            0x08008011   Thumb Code    14  atk_qrdecode.o(i.atk_qr_malloc)
    atk_qr_memcpy                            0x0800801f   Thumb Code    20  atk_qrdecode.o(i.atk_qr_memcpy)
    atk_qr_memset                            0x08008033   Thumb Code    20  atk_qrdecode.o(i.atk_qr_memset)
    atk_qr_realloc                           0x08008047   Thumb Code    18  atk_qrdecode.o(i.atk_qr_realloc)
    atk_qr_utf8tounicode                     0x08008059   Thumb Code   162  atk_zbar.o(i.atk_qr_utf8tounicode)
    bch15_5_correct                          0x080083a9   Thumb Code    80  bch15_5.o(i.bch15_5_correct)
    bch15_5_encode                           0x080083f9   Thumb Code    68  bch15_5.o(i.bch15_5_encode)
    delay_init                               0x08008ca5   Thumb Code    52  delay.o(i.delay_init)
    delay_ms                                 0x08008ce1   Thumb Code    56  delay.o(i.delay_ms)
    delay_us                                 0x08008d19   Thumb Code    72  delay.o(i.delay_us)
    delay_xms                                0x08008d65   Thumb Code    72  delay.o(i.delay_xms)
    ff_convert                               0x08008fa5   Thumb Code   146  mycc936.o(i.ff_convert)
    font_init                                0x0800903d   Thumb Code    64  fontupd.o(i.font_init)
    fputc                                    0x08009081   Thumb Code    22  usart.o(i.fputc)
    isaac_init                               0x08009555   Thumb Code   290  isaac.o(i.isaac_init)
    isaac_next_uint                          0x08009709   Thumb Code    34  isaac.o(i.isaac_next_uint)
    isaac_next_uint32                        0x0800972b   Thumb Code    28  isaac.o(i.isaac_next_uint32)
    main                                     0x08009911   Thumb Code   828  main.o(i.main)
    my_mem_free                              0x08009d55   Thumb Code    96  malloc.o(i.my_mem_free)
    my_mem_init                              0x08009dc1   Thumb Code    54  malloc.o(i.my_mem_init)
    my_mem_malloc                            0x08009e05   Thumb Code   156  malloc.o(i.my_mem_malloc)
    my_mem_perused                           0x08009ead   Thumb Code    54  malloc.o(i.my_mem_perused)
    myfree                                   0x08009eed   Thumb Code    30  malloc.o(i.myfree)
    mymalloc                                 0x08009f11   Thumb Code    34  malloc.o(i.mymalloc)
    mymemcpy                                 0x08009f39   Thumb Code    26  malloc.o(i.mymemcpy)
    mymemset                                 0x08009f53   Thumb Code    20  malloc.o(i.mymemset)
    myrealloc                                0x08009f69   Thumb Code    70  malloc.o(i.myrealloc)
    qr_binarize                              0x0800a999   Thumb Code   552  binarize.o(i.qr_binarize)
    qr_code_data_list_clear                  0x0800ac45   Thumb Code    44  qrdec.o(i.qr_code_data_list_clear)
    qr_code_data_list_init                   0x0800ac71   Thumb Code    10  qrdec.o(i.qr_code_data_list_init)
    qr_dcmi_rx_callback                      0x0800b40d   Thumb Code   110  main.o(i.qr_dcmi_rx_callback)
    qr_decode                                0x0800b491   Thumb Code   418  main.o(i.qr_decode)
    qr_ihypot                                0x0800e409   Thumb Code   176  util.o(i.qr_ihypot)
    qr_ilog                                  0x0800e4bd   Thumb Code    70  util.o(i.qr_ilog)
    qr_isqrt                                 0x0800e5a9   Thumb Code    42  util.o(i.qr_isqrt)
    qr_reader_match_centers                  0x0800ebd1   Thumb Code   530  qrdec.o(i.qr_reader_match_centers)
    rs_correct                               0x0800fb8b   Thumb Code   400  rs.o(i.rs_correct)
    rs_gf256_init                            0x0800feed   Thumb Code    56  rs.o(i.rs_gf256_init)
    uart_init                                0x08010585   Thumb Code   164  usart.o(i.uart_init)
    zbar_decode_width                        0x08010631   Thumb Code   144  decoder.o(i.zbar_decode_width)
    zbar_decoder_create                      0x080106c5   Thumb Code   104  decoder.o(i.zbar_decoder_create)
    zbar_decoder_destroy                     0x0801072d   Thumb Code    22  decoder.o(i.zbar_decoder_destroy)
    zbar_decoder_get_data                    0x08010743   Thumb Code     4  decoder.o(i.zbar_decoder_get_data)
    zbar_decoder_get_data_length             0x08010747   Thumb Code     4  decoder.o(i.zbar_decoder_get_data_length)
    zbar_decoder_get_type                    0x0801074b   Thumb Code     6  decoder.o(i.zbar_decoder_get_type)
    zbar_decoder_get_userdata                0x08010751   Thumb Code     4  decoder.o(i.zbar_decoder_get_userdata)
    zbar_decoder_new_scan                    0x08010755   Thumb Code    60  decoder.o(i.zbar_decoder_new_scan)
    zbar_decoder_reset                       0x08010791   Thumb Code    60  decoder.o(i.zbar_decoder_reset)
    zbar_decoder_set_config                  0x080107cd   Thumb Code   192  decoder.o(i.zbar_decoder_set_config)
    zbar_decoder_set_handler                 0x0801088d   Thumb Code     8  decoder.o(i.zbar_decoder_set_handler)
    zbar_decoder_set_userdata                0x08010895   Thumb Code     4  decoder.o(i.zbar_decoder_set_userdata)
    zbar_image_create                        0x08010899   Thumb Code    46  image.o(i.zbar_image_create)
    zbar_image_free_data                     0x080108c9   Thumb Code    76  image.o(i.zbar_image_free_data)
    zbar_image_scanner_create                0x08010915   Thumb Code    94  img_scanner.o(i.zbar_image_scanner_create)
    zbar_image_scanner_destroy               0x08010979   Thumb Code    98  img_scanner.o(i.zbar_image_scanner_destroy)
    zbar_image_scanner_recycle_image         0x080109db   Thumb Code    68  img_scanner.o(i.zbar_image_scanner_recycle_image)
    zbar_image_scanner_set_config            0x08010a1f   Thumb Code    76  img_scanner.o(i.zbar_image_scanner_set_config)
    zbar_image_set_data                      0x08010a6b   Thumb Code    26  image.o(i.zbar_image_set_data)
    zbar_image_set_format                    0x08010a85   Thumb Code     4  image.o(i.zbar_image_set_format)
    zbar_image_set_size                      0x08010a89   Thumb Code     6  image.o(i.zbar_image_set_size)
    zbar_scan_image                          0x08010a91   Thumb Code   650  img_scanner.o(i.zbar_scan_image)
    zbar_scan_y                              0x08010d39   Thumb Code   314  scanner.o(i.zbar_scan_y)
    zbar_scanner_create                      0x08010e73   Thumb Code    34  scanner.o(i.zbar_scanner_create)
    zbar_scanner_destroy                     0x08010e95   Thumb Code     4  scanner.o(i.zbar_scanner_destroy)
    zbar_scanner_flush                       0x08010e99   Thumb Code    70  scanner.o(i.zbar_scanner_flush)
    zbar_scanner_get_edge                    0x08010edf   Thumb Code    32  scanner.o(i.zbar_scanner_get_edge)
    zbar_scanner_get_width                   0x08010eff   Thumb Code     4  scanner.o(i.zbar_scanner_get_width)
    zbar_scanner_new_scan                    0x08010f03   Thumb Code    42  scanner.o(i.zbar_scanner_new_scan)
    zbar_scanner_reset                       0x08010f2d   Thumb Code    34  scanner.o(i.zbar_scanner_reset)
    zbar_symbol_set_ref                      0x08010f4f   Thumb Code    18  symbol.o(i.zbar_symbol_set_ref)
    __aeabi_d2uiz                            0x08010f61   Thumb Code     0  dfixu.o(x$fpl$dfixu)
    _dfixu                                   0x08010f61   Thumb Code    90  dfixu.o(x$fpl$dfixu)
    __aeabi_ui2d                             0x08010fbb   Thumb Code     0  dflt_clz.o(x$fpl$dfltu)
    _dfltu                                   0x08010fbb   Thumb Code    38  dflt_clz.o(x$fpl$dfltu)
    __aeabi_dmul                             0x08010fe1   Thumb Code     0  dmul.o(x$fpl$dmul)
    _dmul                                    0x08010fe1   Thumb Code   332  dmul.o(x$fpl$dmul)
    __fpl_dnaninf                            0x08011135   Thumb Code   156  dnaninf.o(x$fpl$dnaninf)
    __fpl_dretinf                            0x080111d1   Thumb Code    12  dretinf.o(x$fpl$dretinf)
    _fp_init                                 0x080111dd   Thumb Code    10  fpinit.o(x$fpl$fpinit)
    __fplib_config_fpu_vfp                   0x080111e5   Thumb Code     0  fpinit.o(x$fpl$fpinit)
    __fplib_config_pureend_doubles           0x080111e5   Thumb Code     0  fpinit.o(x$fpl$fpinit)
    __I$use$fp                               0x080111e6   Number         0  usenofp.o(x$fpl$usenofp)
    asc2_1206                                0x080111e6   Data        1140  lcd.o(.constdata)
    asc2_1608                                0x0801165a   Data        1520  lcd.o(.constdata)
    asc2_2412                                0x08011c4a   Data        3420  lcd.o(.constdata)
    ov2640_sxga_init_reg_tbl                 0x080129a6   Data         356  ov2640.o(.constdata)
    ov2640_svga_init_reg_tbl                 0x08012b0a   Data         354  ov2640.o(.constdata)
    ov2640_jpeg_reg_tbl                      0x08012c6c   Data          14  ov2640.o(.constdata)
    ov2640_rgb565_reg_tbl                    0x08012c7a   Data          28  ov2640.o(.constdata)
    ov2640_yuv422_reg_tbl                    0x08012c96   Data          16  ov2640.o(.constdata)
    memtblsize                               0x08012cd0   Data          12  malloc.o(.constdata)
    memblksize                               0x08012cdc   Data          12  malloc.o(.constdata)
    memsize                                  0x08012ce8   Data          12  malloc.o(.constdata)
    Region$$Table$$Base                      0x08013260   Number         0  anon$$obj.o(Region$$Table)
    Region$$Table$$Limit                     0x08013280   Number         0  anon$$obj.o(Region$$Table)
    mem3base                                 0x10000000   Data       61440  malloc.o(.ARM.__AT_0x10000000)
    mem3mapbase                              0x1000f000   Data        3840  malloc.o(.ARM.__AT_0x1000F000)
    qr_image_width                           0x20000000   Data           2  main.o(.data)
    readok                                   0x20000002   Data           1  main.o(.data)
    dcmi_line_buf                            0x20000004   Data           8  main.o(.data)
    rgb_data_buf                             0x2000000c   Data           4  main.o(.data)
    dcmi_curline                             0x20000010   Data           2  main.o(.data)
    POINT_COLOR                              0x20000014   Data           2  lcd.o(.data)
    BACK_COLOR                               0x20000016   Data           2  lcd.o(.data)
    ov_frame                                 0x20000018   Data           1  dcmi.o(.data)
    dcmi_rx_callback                         0x2000001c   Data           4  dcmi.o(.data)
    W25QXX_TYPE                              0x20000020   Data           2  w25qxx.o(.data)
    TransferError                            0x2000002e   Data           1  sdio_sdcard.o(.data)
    TransferEnd                              0x2000002f   Data           1  sdio_sdcard.o(.data)
    tempbuff                                 0x20000030   Data           4  sdio_sdcard.o(.data)
    __stdout                                 0x2000003c   Data           4  usart.o(.data)
    USART_RX_STA                             0x20000040   Data           2  usart.o(.data)
    mallco_dev                               0x20000044   Data          36  malloc.o(.data)
    new_qr                                   0x20000078   Data           1  atk_zbar.o(.data)
    BarType                                  0x2000007a   Data           2  atk_zbar.o(.data)
    QrCode                                   0x2000007c   Data           4  atk_zbar.o(.data)
    qr_img                                   0x20000080   Data           4  atk_zbar.o(.data)
    qr_iscn                                  0x20000084   Data           4  atk_zbar.o(.data)
    MyBarcode_scanstatus                     0x20000088   Data           1  code128.o(.data)
    MyBarcode_start                          0x20000089   Data           1  code128.o(.data)
    MyBarcode_end                            0x2000008a   Data           1  code128.o(.data)
    MyBarcode_index                          0x2000008b   Data           1  code128.o(.data)
    MyBarcode_len                            0x2000008c   Data           1  code128.o(.data)
    num                                      0x2000008d   Data           3  code128.o(.data)
    lcddev                                   0x20000090   Data          14  lcd.o(.bss)
    DCMI_InitStructure                       0x2000009e   Data          14  dcmi.o(.bss)
    SDIO_InitStructure                       0x200000b0   Data          24  sdio_sdcard.o(.bss)
    SDIO_CmdInitStructure                    0x200000c8   Data          20  sdio_sdcard.o(.bss)
    SDIO_DataInitStructure                   0x200000dc   Data          24  sdio_sdcard.o(.bss)
    SDCardInfo                               0x20000118   Data          88  sdio_sdcard.o(.bss)
    SDIO_DATA_BUFFER                         0x20000170   Data         512  sdio_sdcard.o(.bss)
    USART_RX_BUF                             0x20000370   Data         200  usart.o(.bss)
    mem1base                                 0x20000440   Data       102400  malloc.o(.bss)
    mem1mapbase                              0x20019440   Data        6400  malloc.o(.bss)
    ftinfo                                   0x2001ad40   Data          33  fontupd.o(.bss)
    Last_QrCode                              0x2001ad64   Data          20  atk_zbar.o(.bss)
    MyBarcode_buf                            0x2001ad78   Data          25  code128.o(.bss)
    MyBarcode_temp1buf                       0x2001ad91   Data          25  code128.o(.bss)
    MyBarcode_temp2buf                       0x2001adaa   Data          25  code128.o(.bss)
    MyBarcode_temp3buf                       0x2001adc3   Data          25  code128.o(.bss)
    MyDecode_buf                             0x2001addc   Data          50  code128.o(.bss)
    __libspace_start                         0x2001ae10   Data          96  libspace.o(.bss)
    __temporary_stack_top$libspace           0x2001ae70   Data           0  libspace.o(.bss)
    mem2base                                 0x68000000   Data       983040  malloc.o(.ARM.__AT_0x68000000)
    mem2mapbase                              0x680f0000   Data       61440  malloc.o(.ARM.__AT_0x680F0000)



==============================================================================

Memory Map of the image

  Image Entry point : 0x08000189

  Load Region LR_IROM1 (Base: 0x08000000, Size: 0x00013310, Max: 0x00100000, ABSOLUTE)

    Execution Region ER_IROM1 (Exec base: 0x08000000, Load base: 0x08000000, Size: 0x00013280, Max: 0x00100000, ABSOLUTE)

    Exec Addr    Load Addr    Size         Type   Attr      Idx    E Section Name        Object

    0x08000000   0x08000000   0x00000188   Data   RO         1638    RESET               startup_stm32f40_41xxx.o
    0x08000188   0x08000188   0x00000008   Code   RO         6742  * !!!main             c_w.l(__main.o)
    0x08000190   0x08000190   0x00000034   Code   RO         7012    !!!scatter          c_w.l(__scatter.o)
    0x080001c4   0x080001c4   0x0000001a   Code   RO         7014    !!handler_copy      c_w.l(__scatter_copy.o)
    0x080001de   0x080001de   0x00000002   PAD
    0x080001e0   0x080001e0   0x0000001c   Code   RO         7016    !!handler_zi        c_w.l(__scatter_zi.o)
    0x080001fc   0x080001fc   0x00000000   Code   RO         6718    .ARM.Collect$$_printf_percent$$00000000  c_w.l(_printf_percent.o)
    0x080001fc   0x080001fc   0x00000006   Code   RO         6716    .ARM.Collect$$_printf_percent$$00000009  c_w.l(_printf_d.o)
    0x08000202   0x08000202   0x00000006   Code   RO         6712    .ARM.Collect$$_printf_percent$$0000000C  c_w.l(_printf_x.o)
    0x08000208   0x08000208   0x00000006   Code   RO         6710    .ARM.Collect$$_printf_percent$$00000014  c_w.l(_printf_s.o)
    0x0800020e   0x0800020e   0x00000004   Code   RO         6802    .ARM.Collect$$_printf_percent$$00000017  c_w.l(_printf_percent_end.o)
    0x08000212   0x08000212   0x00000002   Code   RO         6947    .ARM.Collect$$libinit$$00000000  c_w.l(libinit.o)
    0x08000214   0x08000214   0x00000004   Code   RO         6814    .ARM.Collect$$libinit$$00000001  c_w.l(libinit2.o)
    0x08000218   0x08000218   0x00000000   Code   RO         6817    .ARM.Collect$$libinit$$00000004  c_w.l(libinit2.o)
    0x08000218   0x08000218   0x00000000   Code   RO         6820    .ARM.Collect$$libinit$$0000000A  c_w.l(libinit2.o)
    0x08000218   0x08000218   0x00000000   Code   RO         6822    .ARM.Collect$$libinit$$0000000C  c_w.l(libinit2.o)
    0x08000218   0x08000218   0x00000000   Code   RO         6824    .ARM.Collect$$libinit$$0000000E  c_w.l(libinit2.o)
    0x08000218   0x08000218   0x00000000   Code   RO         6827    .ARM.Collect$$libinit$$00000011  c_w.l(libinit2.o)
    0x08000218   0x08000218   0x00000000   Code   RO         6829    .ARM.Collect$$libinit$$00000013  c_w.l(libinit2.o)
    0x08000218   0x08000218   0x00000000   Code   RO         6831    .ARM.Collect$$libinit$$00000015  c_w.l(libinit2.o)
    0x08000218   0x08000218   0x00000000   Code   RO         6833    .ARM.Collect$$libinit$$00000017  c_w.l(libinit2.o)
    0x08000218   0x08000218   0x00000000   Code   RO         6835    .ARM.Collect$$libinit$$00000019  c_w.l(libinit2.o)
    0x08000218   0x08000218   0x00000000   Code   RO         6837    .ARM.Collect$$libinit$$0000001B  c_w.l(libinit2.o)
    0x08000218   0x08000218   0x00000000   Code   RO         6839    .ARM.Collect$$libinit$$0000001D  c_w.l(libinit2.o)
    0x08000218   0x08000218   0x00000000   Code   RO         6841    .ARM.Collect$$libinit$$0000001F  c_w.l(libinit2.o)
    0x08000218   0x08000218   0x00000000   Code   RO         6843    .ARM.Collect$$libinit$$00000021  c_w.l(libinit2.o)
    0x08000218   0x08000218   0x00000000   Code   RO         6845    .ARM.Collect$$libinit$$00000023  c_w.l(libinit2.o)
    0x08000218   0x08000218   0x00000000   Code   RO         6847    .ARM.Collect$$libinit$$00000025  c_w.l(libinit2.o)
    0x08000218   0x08000218   0x00000000   Code   RO         6851    .ARM.Collect$$libinit$$0000002C  c_w.l(libinit2.o)
    0x08000218   0x08000218   0x00000000   Code   RO         6853    .ARM.Collect$$libinit$$0000002E  c_w.l(libinit2.o)
    0x08000218   0x08000218   0x00000000   Code   RO         6855    .ARM.Collect$$libinit$$00000030  c_w.l(libinit2.o)
    0x08000218   0x08000218   0x00000000   Code   RO         6857    .ARM.Collect$$libinit$$00000032  c_w.l(libinit2.o)
    0x08000218   0x08000218   0x00000002   Code   RO         6858    .ARM.Collect$$libinit$$00000033  c_w.l(libinit2.o)
    0x0800021a   0x0800021a   0x00000002   Code   RO         7009    .ARM.Collect$$libshutdown$$00000000  c_w.l(libshutdown.o)
    0x0800021c   0x0800021c   0x00000000   Code   RO         6963    .ARM.Collect$$libshutdown$$00000002  c_w.l(libshutdown2.o)
    0x0800021c   0x0800021c   0x00000000   Code   RO         6965    .ARM.Collect$$libshutdown$$00000004  c_w.l(libshutdown2.o)
    0x0800021c   0x0800021c   0x00000000   Code   RO         6967    .ARM.Collect$$libshutdown$$00000006  c_w.l(libshutdown2.o)
    0x0800021c   0x0800021c   0x00000000   Code   RO         6970    .ARM.Collect$$libshutdown$$00000009  c_w.l(libshutdown2.o)
    0x0800021c   0x0800021c   0x00000000   Code   RO         6973    .ARM.Collect$$libshutdown$$0000000C  c_w.l(libshutdown2.o)
    0x0800021c   0x0800021c   0x00000000   Code   RO         6975    .ARM.Collect$$libshutdown$$0000000E  c_w.l(libshutdown2.o)
    0x0800021c   0x0800021c   0x00000000   Code   RO         6978    .ARM.Collect$$libshutdown$$00000011  c_w.l(libshutdown2.o)
    0x0800021c   0x0800021c   0x00000002   Code   RO         6979    .ARM.Collect$$libshutdown$$00000012  c_w.l(libshutdown2.o)
    0x0800021e   0x0800021e   0x00000000   Code   RO         6760    .ARM.Collect$$rtentry$$00000000  c_w.l(__rtentry.o)
    0x0800021e   0x0800021e   0x00000000   Code   RO         6870    .ARM.Collect$$rtentry$$00000002  c_w.l(__rtentry2.o)
    0x0800021e   0x0800021e   0x00000006   Code   RO         6882    .ARM.Collect$$rtentry$$00000004  c_w.l(__rtentry4.o)
    0x08000224   0x08000224   0x00000000   Code   RO         6872    .ARM.Collect$$rtentry$$00000009  c_w.l(__rtentry2.o)
    0x08000224   0x08000224   0x00000004   Code   RO         6873    .ARM.Collect$$rtentry$$0000000A  c_w.l(__rtentry2.o)
    0x08000228   0x08000228   0x00000000   Code   RO         6875    .ARM.Collect$$rtentry$$0000000C  c_w.l(__rtentry2.o)
    0x08000228   0x08000228   0x00000008   Code   RO         6876    .ARM.Collect$$rtentry$$0000000D  c_w.l(__rtentry2.o)
    0x08000230   0x08000230   0x00000002   Code   RO         6948    .ARM.Collect$$rtexit$$00000000  c_w.l(rtexit.o)
    0x08000232   0x08000232   0x00000000   Code   RO         6983    .ARM.Collect$$rtexit$$00000002  c_w.l(rtexit2.o)
    0x08000232   0x08000232   0x00000004   Code   RO         6984    .ARM.Collect$$rtexit$$00000003  c_w.l(rtexit2.o)
    0x08000236   0x08000236   0x00000006   Code   RO         6985    .ARM.Collect$$rtexit$$00000004  c_w.l(rtexit2.o)
    0x0800023c   0x0800023c   0x00000040   Code   RO         1639    .text               startup_stm32f40_41xxx.o
    0x0800027c   0x0800027c   0x00000002   Code   RO         6567    .text               c_w.l(use_no_semi_2.o)
    0x0800027e   0x0800027e   0x00000026   Code   RO         6631    .text               c_w.l(llsshr.o)
    0x080002a4   0x080002a4   0x00000048   Code   RO         6633    .text               c_w.l(llsdiv.o)
    0x080002ec   0x080002ec   0x00000018   Code   RO         6635    .text               c_w.l(__2printf.o)
    0x08000304   0x08000304   0x00000052   Code   RO         6653    .text               c_w.l(_printf_str.o)
    0x08000356   0x08000356   0x00000002   PAD
    0x08000358   0x08000358   0x00000078   Code   RO         6655    .text               c_w.l(_printf_dec.o)
    0x080003d0   0x080003d0   0x0000007c   Code   RO         6680    .text               c_w.l(_printf_hex_int_ptr.o)
    0x0800044c   0x0800044c   0x00000188   Code   RO         6706    .text               c_w.l(__printf_flags_ss_wp.o)
    0x080005d4   0x080005d4   0x00000264   Code   RO         6720    .text               c_w.l(qsortnoex.o)
    0x08000838   0x08000838   0x00000058   Code   RO         6722    .text               c_w.l(memcmp.o)
    0x08000890   0x08000890   0x00000048   Code   RO         6724    .text               c_w.l(strcpy.o)
    0x080008d8   0x080008d8   0x0000003e   Code   RO         6726    .text               c_w.l(strlen.o)
    0x08000916   0x08000916   0x0000008a   Code   RO         6730    .text               c_w.l(rt_memcpy_v6.o)
    0x080009a0   0x080009a0   0x00000084   Code   RO         6732    .text               c_w.l(rt_memmove_v6.o)
    0x08000a24   0x08000a24   0x00000044   Code   RO         6734    .text               c_w.l(rt_memclr.o)
    0x08000a68   0x08000a68   0x00000080   Code   RO         6738    .text               c_w.l(strcmpv7m.o)
    0x08000ae8   0x08000ae8   0x00000006   Code   RO         6740    .text               c_w.l(heapauxi.o)
    0x08000aee   0x08000aee   0x00000002   Code   RO         6756    .text               c_w.l(use_no_semi.o)
    0x08000af0   0x08000af0   0x000000ee   Code   RO         6786    .text               c_w.l(lludivv7m.o)
    0x08000bde   0x08000bde   0x000000b2   Code   RO         6788    .text               c_w.l(_printf_intcommon.o)
    0x08000c90   0x08000c90   0x00000030   Code   RO         6790    .text               c_w.l(_printf_char_common.o)
    0x08000cc0   0x08000cc0   0x0000002c   Code   RO         6796    .text               c_w.l(_printf_char.o)
    0x08000cec   0x08000cec   0x00000024   Code   RO         6798    .text               c_w.l(_printf_char_file.o)
    0x08000d10   0x08000d10   0x00000064   Code   RO         6806    .text               c_w.l(rt_memcpy_w.o)
    0x08000d74   0x08000d74   0x0000007a   Code   RO         6808    .text               c_w.l(rt_memmove_w.o)
    0x08000dee   0x08000dee   0x0000004e   Code   RO         6810    .text               c_w.l(rt_memclr_w.o)
    0x08000e3c   0x08000e3c   0x00000008   Code   RO         6866    .text               c_w.l(libspace.o)
    0x08000e44   0x08000e44   0x00000008   Code   RO         6900    .text               c_w.l(ferror.o)
    0x08000e4c   0x08000e4c   0x0000004a   Code   RO         6916    .text               c_w.l(sys_stackheap_outer.o)
    0x08000e96   0x08000e96   0x00000012   Code   RO         6932    .text               c_w.l(exit.o)
    0x08000ea8   0x08000ea8   0x00000040   Code   RO         1015    i.BEEP_Init         beep.o
    0x08000ee8   0x08000ee8   0x00000004   Code   RO          226    i.BusFault_Handler  stm32f4xx_it.o
    0x08000eec   0x08000eec   0x00000064   Code   RO         1176    i.CmdResp1Error     sdio_sdcard.o
    0x08000f50   0x08000f50   0x00000024   Code   RO         1691    i.DCMI_CaptureCmd   stm32f4xx_dcmi.o
    0x08000f74   0x08000f74   0x0000000c   Code   RO         1693    i.DCMI_ClearITPendingBit  stm32f4xx_dcmi.o
    0x08000f80   0x08000f80   0x00000024   Code   RO         1694    i.DCMI_Cmd          stm32f4xx_dcmi.o
    0x08000fa4   0x08000fa4   0x000000b8   Code   RO          774    i.DCMI_DMA_Init     dcmi.o
    0x0800105c   0x0800105c   0x0000001c   Code   RO         1695    i.DCMI_DeInit       stm32f4xx_dcmi.o
    0x08001078   0x08001078   0x0000001c   Code   RO         1697    i.DCMI_GetITStatus  stm32f4xx_dcmi.o
    0x08001094   0x08001094   0x00000048   Code   RO          775    i.DCMI_IRQHandler   dcmi.o
    0x080010dc   0x080010dc   0x00000024   Code   RO         1698    i.DCMI_ITConfig     stm32f4xx_dcmi.o
    0x08001100   0x08001100   0x00000040   Code   RO         1699    i.DCMI_Init         stm32f4xx_dcmi.o
    0x08001140   0x08001140   0x00000024   Code   RO          777    i.DCMI_Start        dcmi.o
    0x08001164   0x08001164   0x0000002c   Code   RO          779    i.DMA2_Stream1_IRQHandler  dcmi.o
    0x08001190   0x08001190   0x00000034   Code   RO         2022    i.DMA_ClearFlag     stm32f4xx_dma.o
    0x080011c4   0x080011c4   0x00000016   Code   RO         2024    i.DMA_Cmd           stm32f4xx_dma.o
    0x080011da   0x080011da   0x00000002   PAD
    0x080011dc   0x080011dc   0x00000158   Code   RO         2025    i.DMA_DeInit        stm32f4xx_dma.o
    0x08001334   0x08001334   0x00000016   Code   RO         2026    i.DMA_DoubleBufferModeCmd  stm32f4xx_dma.o
    0x0800134a   0x0800134a   0x00000014   Code   RO         2029    i.DMA_GetCmdStatus  stm32f4xx_dma.o
    0x0800135e   0x0800135e   0x00000002   PAD
    0x08001360   0x08001360   0x00000044   Code   RO         2033    i.DMA_GetFlagStatus  stm32f4xx_dma.o
    0x080013a4   0x080013a4   0x0000003a   Code   RO         2035    i.DMA_ITConfig      stm32f4xx_dma.o
    0x080013de   0x080013de   0x00000002   PAD
    0x080013e0   0x080013e0   0x00000058   Code   RO         2036    i.DMA_Init          stm32f4xx_dma.o
    0x08001438   0x08001438   0x0000000a   Code   RO         2037    i.DMA_MemoryTargetConfig  stm32f4xx_dma.o
    0x08001442   0x08001442   0x00000002   Code   RO          227    i.DebugMon_Handler  stm32f4xx_it.o
    0x08001444   0x08001444   0x00000034   Code   RO         1902    i.FSMC_NORSRAMCmd   stm32f4xx_fsmc.o
    0x08001478   0x08001478   0x000000e6   Code   RO         1904    i.FSMC_NORSRAMInit  stm32f4xx_fsmc.o
    0x0800155e   0x0800155e   0x00000002   PAD
    0x08001560   0x08001560   0x000002cc   Code   RO          512    i.FSMC_SRAM_Init    sram.o
    0x0800182c   0x0800182c   0x00000090   Code   RO         1794    i.GPIO_Init         stm32f4xx_gpio.o
    0x080018bc   0x080018bc   0x00000046   Code   RO         1795    i.GPIO_PinAFConfig  stm32f4xx_gpio.o
    0x08001902   0x08001902   0x00000012   Code   RO         1798    i.GPIO_ReadInputDataBit  stm32f4xx_gpio.o
    0x08001914   0x08001914   0x00000004   Code   RO         1801    i.GPIO_ResetBits    stm32f4xx_gpio.o
    0x08001918   0x08001918   0x00000004   Code   RO         1802    i.GPIO_SetBits      stm32f4xx_gpio.o
    0x0800191c   0x0800191c   0x000000e0   Code   RO         4577    i.Get_HzMat         text.o
    0x080019fc   0x080019fc   0x00000014   Code   RO          228    i.HardFault_Handler  stm32f4xx_it.o
    0x08001a10   0x08001a10   0x00000044   Code   RO         1421    i.KEY_Init          key.o
    0x08001a54   0x08001a54   0x000000c8   Code   RO         1422    i.KEY_Scan          key.o
    0x08001b1c   0x08001b1c   0x0000006c   Code   RO          560    i.LCD_Clear         lcd.o
    0x08001b88   0x08001b88   0x00000060   Code   RO          561    i.LCD_Color_Fill    lcd.o
    0x08001be8   0x08001be8   0x000001c0   Code   RO          564    i.LCD_Display_Dir   lcd.o
    0x08001da8   0x08001da8   0x00000180   Code   RO          569    i.LCD_Fast_DrawPoint  lcd.o
    0x08001f28   0x08001f28   0x000000b8   Code   RO          570    i.LCD_Fill          lcd.o
    0x08001fe0   0x08001fe0   0x00003970   Code   RO          571    i.LCD_Init          lcd.o
    0x08005950   0x08005950   0x00000016   Code   RO          572    i.LCD_Pow           lcd.o
    0x08005966   0x08005966   0x00000002   PAD
    0x08005968   0x08005968   0x00000014   Code   RO          573    i.LCD_RD_DATA       lcd.o
    0x0800597c   0x0800597c   0x00000016   Code   RO          575    i.LCD_ReadReg       lcd.o
    0x08005992   0x08005992   0x00000002   PAD
    0x08005994   0x08005994   0x00000060   Code   RO          576    i.LCD_SSD_BackLightSet  lcd.o
    0x080059f4   0x080059f4   0x000002ec   Code   RO          577    i.LCD_Scan_Dir      lcd.o
    0x08005ce0   0x08005ce0   0x000001a8   Code   RO          578    i.LCD_SetCursor     lcd.o
    0x08005e88   0x08005e88   0x00000128   Code   RO          580    i.LCD_ShowChar      lcd.o
    0x08005fb0   0x08005fb0   0x00000094   Code   RO          581    i.LCD_ShowNum       lcd.o
    0x08006044   0x08006044   0x00000066   Code   RO          582    i.LCD_ShowString    lcd.o
    0x080060aa   0x080060aa   0x00000002   PAD
    0x080060ac   0x080060ac   0x00000018   Code   RO          584    i.LCD_WR_DATA       lcd.o
    0x080060c4   0x080060c4   0x00000018   Code   RO          585    i.LCD_WR_REG        lcd.o
    0x080060dc   0x080060dc   0x00000014   Code   RO          587    i.LCD_WriteRAM_Prepare  lcd.o
    0x080060f0   0x080060f0   0x00000014   Code   RO          588    i.LCD_WriteReg      lcd.o
    0x08006104   0x08006104   0x00000040   Code   RO         1038    i.LED_Init          led.o
    0x08006144   0x08006144   0x00000004   Code   RO          229    i.MemManage_Handler  stm32f4xx_it.o
    0x08006148   0x08006148   0x0000012c   Code   RO          780    i.My_DCMI_Init      dcmi.o
    0x08006274   0x08006274   0x00000002   Code   RO          230    i.NMI_Handler       stm32f4xx_it.o
    0x08006276   0x08006276   0x00000002   PAD
    0x08006278   0x08006278   0x00000078   Code   RO         1645    i.NVIC_Init         misc.o
    0x080062f0   0x080062f0   0x00000014   Code   RO         1646    i.NVIC_PriorityGroupConfig  misc.o
    0x08006304   0x08006304   0x00000110   Code   RO          850    i.OV2640_Init       ov2640.o
    0x08006414   0x08006414   0x00000088   Code   RO          853    i.OV2640_OutSize_Set  ov2640.o
    0x0800649c   0x0800649c   0x00000028   Code   RO          854    i.OV2640_RGB565_Mode  ov2640.o
    0x080064c4   0x080064c4   0x0000007a   Code   RO          855    i.OV2640_Special_Effects  ov2640.o
    0x0800653e   0x0800653e   0x00000002   Code   RO          231    i.PendSV_Handler    stm32f4xx_it.o
    0x08006540   0x08006540   0x00000020   Code   RO         2150    i.RCC_AHB1PeriphClockCmd  stm32f4xx_rcc.o
    0x08006560   0x08006560   0x00000020   Code   RO         2153    i.RCC_AHB2PeriphClockCmd  stm32f4xx_rcc.o
    0x08006580   0x08006580   0x00000020   Code   RO         2156    i.RCC_AHB3PeriphClockCmd  stm32f4xx_rcc.o
    0x080065a0   0x080065a0   0x00000020   Code   RO         2162    i.RCC_APB2PeriphClockCmd  stm32f4xx_rcc.o
    0x080065c0   0x080065c0   0x00000020   Code   RO         2164    i.RCC_APB2PeriphResetCmd  stm32f4xx_rcc.o
    0x080065e0   0x080065e0   0x000000e8   Code   RO         2171    i.RCC_GetClocksFreq  stm32f4xx_rcc.o
    0x080066c8   0x080066c8   0x00000054   Code   RO          953    i.SCCB_Init         sccb.o
    0x0800671c   0x0800671c   0x00000040   Code   RO          954    i.SCCB_No_Ack       sccb.o
    0x0800675c   0x0800675c   0x00000070   Code   RO          955    i.SCCB_RD_Byte      sccb.o
    0x080067cc   0x080067cc   0x0000004e   Code   RO          956    i.SCCB_RD_Reg       sccb.o
    0x0800681a   0x0800681a   0x00000002   PAD
    0x0800681c   0x0800681c   0x00000034   Code   RO          957    i.SCCB_Start        sccb.o
    0x08006850   0x08006850   0x00000034   Code   RO          958    i.SCCB_Stop         sccb.o
    0x08006884   0x08006884   0x000000a8   Code   RO          959    i.SCCB_WR_Byte      sccb.o
    0x0800692c   0x0800692c   0x0000003e   Code   RO          960    i.SCCB_WR_Reg       sccb.o
    0x0800696a   0x0800696a   0x00000002   PAD
    0x0800696c   0x0800696c   0x0000000c   Code   RO         3515    i.SDIO_ClearFlag    stm32f4xx_sdio.o
    0x08006978   0x08006978   0x00000018   Code   RO         3527    i.SDIO_GetFlagStatus  stm32f4xx_sdio.o
    0x08006990   0x08006990   0x00000008   Code   RO         1185    i.SDIO_IRQHandler   sdio_sdcard.o
    0x08006998   0x08006998   0x0000002c   Code   RO         3535    i.SDIO_SendCommand  stm32f4xx_sdio.o
    0x080069c4   0x080069c4   0x00000154   Code   RO         1195    i.SD_ProcessIRQSrc  sdio_sdcard.o
    0x08006b18   0x08006b18   0x000000c4   Code   RO         1389    i.SPI1_Init         spi.o
    0x08006bdc   0x08006bdc   0x00000038   Code   RO         1390    i.SPI1_ReadWriteByte  spi.o
    0x08006c14   0x08006c14   0x00000028   Code   RO         1391    i.SPI1_SetSpeed     spi.o
    0x08006c3c   0x08006c3c   0x00000018   Code   RO         3714    i.SPI_Cmd           stm32f4xx_spi.o
    0x08006c54   0x08006c54   0x00000012   Code   RO         3722    i.SPI_I2S_GetFlagStatus  stm32f4xx_spi.o
    0x08006c66   0x08006c66   0x00000006   Code   RO         3725    i.SPI_I2S_ReceiveData  stm32f4xx_spi.o
    0x08006c6c   0x08006c6c   0x00000004   Code   RO         3726    i.SPI_I2S_SendData  stm32f4xx_spi.o
    0x08006c70   0x08006c70   0x0000003c   Code   RO         3727    i.SPI_Init          stm32f4xx_spi.o
    0x08006cac   0x08006cac   0x00000002   Code   RO          232    i.SVC_Handler       stm32f4xx_it.o
    0x08006cae   0x08006cae   0x00000002   PAD
    0x08006cb0   0x08006cb0   0x000000ec   Code   RO          398    i.SetSysClock       system_stm32f4xx.o
    0x08006d9c   0x08006d9c   0x000000c8   Code   RO         4578    i.Show_Font         text.o
    0x08006e64   0x08006e64   0x000000c2   Code   RO         4579    i.Show_Str          text.o
    0x08006f26   0x08006f26   0x00000002   PAD
    0x08006f28   0x08006f28   0x00000070   Code   RO         4580    i.Show_Str_Mid      text.o
    0x08006f98   0x08006f98   0x00000028   Code   RO         1649    i.SysTick_CLKSourceConfig  misc.o
    0x08006fc0   0x08006fc0   0x00000002   Code   RO          233    i.SysTick_Handler   stm32f4xx_it.o
    0x08006fc2   0x08006fc2   0x00000002   PAD
    0x08006fc4   0x08006fc4   0x00000068   Code   RO          400    i.SystemInit        system_stm32f4xx.o
    0x0800702c   0x0800702c   0x00000064   Code   RO          435    i.TIM3_IRQHandler   timer.o
    0x08007090   0x08007090   0x00000006   Code   RO         2739    i.TIM_ClearITPendingBit  stm32f4xx_tim.o
    0x08007096   0x08007096   0x00000022   Code   RO         2765    i.TIM_GetITStatus   stm32f4xx_tim.o
    0x080070b8   0x080070b8   0x00000088   Code   RO         1509    i.USART1_IRQHandler  usart.o
    0x08007140   0x08007140   0x00000018   Code   RO         2544    i.USART_Cmd         stm32f4xx_usart.o
    0x08007158   0x08007158   0x00000054   Code   RO         2548    i.USART_GetITStatus  stm32f4xx_usart.o
    0x080071ac   0x080071ac   0x0000004a   Code   RO         2550    i.USART_ITConfig    stm32f4xx_usart.o
    0x080071f6   0x080071f6   0x00000002   PAD
    0x080071f8   0x080071f8   0x000000d4   Code   RO         2551    i.USART_Init        stm32f4xx_usart.o
    0x080072cc   0x080072cc   0x0000000a   Code   RO         2558    i.USART_ReceiveData  stm32f4xx_usart.o
    0x080072d6   0x080072d6   0x00000004   Code   RO          234    i.UsageFault_Handler  stm32f4xx_it.o
    0x080072da   0x080072da   0x00000002   PAD
    0x080072dc   0x080072dc   0x00000078   Code   RO         1063    i.W25QXX_Init       w25qxx.o
    0x08007354   0x08007354   0x00000050   Code   RO         1065    i.W25QXX_Read       w25qxx.o
    0x080073a4   0x080073a4   0x00000048   Code   RO         1066    i.W25QXX_ReadID     w25qxx.o
    0x080073ec   0x080073ec   0x0000000e   Code   RO         6699    i._is_digit         c_w.l(__printf_wp.o)
    0x080073fa   0x080073fa   0x00000004   Code   RO         1510    i._sys_exit         usart.o
    0x080073fe   0x080073fe   0x00000002   PAD
    0x08007400   0x08007400   0x0000017c   Code   RO         5150    i._zbar_decode_code128  ATK_QR_V1.4.lib(code128.o)
    0x0800757c   0x0800757c   0x00000166   Code   RO         6109    i._zbar_decode_code39  ATK_QR_V1.4.lib(code39.o)
    0x080076e2   0x080076e2   0x0000009c   Code   RO         6166    i._zbar_decode_ean  ATK_QR_V1.4.lib(ean.o)
    0x0800777e   0x0800777e   0x00000102   Code   RO         6258    i._zbar_decode_i25  ATK_QR_V1.4.lib(i25.o)
    0x08007880   0x08007880   0x00000004   Code   RO         5254    i._zbar_decoder_get_qr_finder_line  ATK_QR_V1.4.lib(qr_finder.o)
    0x08007884   0x08007884   0x000000de   Code   RO         5255    i._zbar_find_qr     ATK_QR_V1.4.lib(qr_finder.o)
    0x08007962   0x08007962   0x0000001e   Code   RO         4804    i._zbar_image_free  ATK_QR_V1.4.lib(image.o)
    0x08007980   0x08007980   0x0000002a   Code   RO         4805    i._zbar_image_refcnt  ATK_QR_V1.4.lib(image.o)
    0x080079aa   0x080079aa   0x00000040   Code   RO         4983    i._zbar_image_scanner_add_sym  ATK_QR_V1.4.lib(img_scanner.o)
    0x080079ea   0x080079ea   0x000000a6   Code   RO         5088    i._zbar_image_scanner_alloc_sym  ATK_QR_V1.4.lib(img_scanner.o)
    0x08007a90   0x08007a90   0x0000007c   Code   RO         4984    i._zbar_image_scanner_recycle_syms  ATK_QR_V1.4.lib(img_scanner.o)
    0x08007b0c   0x08007b0c   0x00000034   Code   RO         5741    i._zbar_qr_create   ATK_QR_V1.4.lib(qrdec.o)
    0x08007b40   0x08007b40   0x00000104   Code   RO         5742    i._zbar_qr_decode   ATK_QR_V1.4.lib(qrdec.o)
    0x08007c44   0x08007c44   0x00000022   Code   RO         5743    i._zbar_qr_destroy  ATK_QR_V1.4.lib(qrdec.o)
    0x08007c66   0x08007c66   0x0000004a   Code   RO         5744    i._zbar_qr_found_line  ATK_QR_V1.4.lib(qrdec.o)
    0x08007cb0   0x08007cb0   0x0000000c   Code   RO         5745    i._zbar_qr_reset    ATK_QR_V1.4.lib(qrdec.o)
    0x08007cbc   0x08007cbc   0x00000002   Code   RO         5461    i._zbar_refcnt_init  ATK_QR_V1.4.lib(refcnt.o)
    0x08007cbe   0x08007cbe   0x00000032   Code   RO         5571    i._zbar_symbol_free  ATK_QR_V1.4.lib(symbol.o)
    0x08007cf0   0x08007cf0   0x00000012   Code   RO         5572    i._zbar_symbol_refcnt  ATK_QR_V1.4.lib(symbol.o)
    0x08007d02   0x08007d02   0x00000022   Code   RO         5573    i._zbar_symbol_set_create  ATK_QR_V1.4.lib(symbol.o)
    0x08007d24   0x08007d24   0x0000002a   Code   RO         5710    i._zbar_symbol_set_free  ATK_QR_V1.4.lib(symbol.o)
    0x08007d4e   0x08007d4e   0x0000001c   Code   RO         4676    i.atk_guess_utf8    ATK_QR_V1.4.lib(atk_zbar.o)
    0x08007d6a   0x08007d6a   0x0000000e   Code   RO         4618    i.atk_qr_convert    atk_qrdecode.o
    0x08007d78   0x08007d78   0x0000003e   Code   RO         4677    i.atk_qr_count_gbk  ATK_QR_V1.4.lib(atk_zbar.o)
    0x08007db6   0x08007db6   0x00000062   Code   RO         4678    i.atk_qr_count_utf8  ATK_QR_V1.4.lib(atk_zbar.o)
    0x08007e18   0x08007e18   0x00000134   Code   RO         4679    i.atk_qr_decode     ATK_QR_V1.4.lib(atk_zbar.o)
    0x08007f4c   0x08007f4c   0x0000003c   Code   RO         4680    i.atk_qr_destroy    ATK_QR_V1.4.lib(atk_zbar.o)
    0x08007f88   0x08007f88   0x0000000e   Code   RO         4619    i.atk_qr_free       atk_qrdecode.o
    0x08007f96   0x08007f96   0x00000002   PAD
    0x08007f98   0x08007f98   0x00000078   Code   RO         4681    i.atk_qr_init       ATK_QR_V1.4.lib(atk_zbar.o)
    0x08008010   0x08008010   0x0000000e   Code   RO         4620    i.atk_qr_malloc     atk_qrdecode.o
    0x0800801e   0x0800801e   0x00000014   Code   RO         4621    i.atk_qr_memcpy     atk_qrdecode.o
    0x08008032   0x08008032   0x00000014   Code   RO         4622    i.atk_qr_memset     atk_qrdecode.o
    0x08008046   0x08008046   0x00000012   Code   RO         4623    i.atk_qr_realloc    atk_qrdecode.o
    0x08008058   0x08008058   0x000000a2   Code   RO         4682    i.atk_qr_utf8tounicode  ATK_QR_V1.4.lib(atk_zbar.o)
    0x080080fa   0x080080fa   0x00000088   Code   RO         6167    i.aux_end           ATK_QR_V1.4.lib(ean.o)
    0x08008182   0x08008182   0x0000009c   Code   RO         6168    i.aux_start         ATK_QR_V1.4.lib(ean.o)
    0x0800821e   0x0800821e   0x00000002   PAD
    0x08008220   0x08008220   0x0000007c   Code   RO         6320    i.bch15_5_calc_epos  ATK_QR_V1.4.lib(bch15_5.o)
    0x0800829c   0x0800829c   0x00000070   Code   RO         6321    i.bch15_5_calc_omega  ATK_QR_V1.4.lib(bch15_5.o)
    0x0800830c   0x0800830c   0x0000009c   Code   RO         6322    i.bch15_5_calc_syndrome  ATK_QR_V1.4.lib(bch15_5.o)
    0x080083a8   0x080083a8   0x00000050   Code   RO         6323    i.bch15_5_correct   ATK_QR_V1.4.lib(bch15_5.o)
    0x080083f8   0x080083f8   0x00000044   Code   RO         6324    i.bch15_5_encode    ATK_QR_V1.4.lib(bch15_5.o)
    0x0800843c   0x0800843c   0x000000ce   Code   RO         4985    i.cache_sym         ATK_QR_V1.4.lib(img_scanner.o)
    0x0800850a   0x0800850a   0x00000036   Code   RO         5476    i.calc_thresh       ATK_QR_V1.4.lib(scanner.o)
    0x08008540   0x08008540   0x0000000e   Code   RO         5314    i.code128_reset     ATK_QR_V1.4.lib(decoder.o)
    0x0800854e   0x0800854e   0x00000032   Code   RO         6110    i.code39_decode1    ATK_QR_V1.4.lib(code39.o)
    0x08008580   0x08008580   0x000000c0   Code   RO         6111    i.code39_decode9    ATK_QR_V1.4.lib(code39.o)
    0x08008640   0x08008640   0x0000008c   Code   RO         6112    i.code39_postprocess  ATK_QR_V1.4.lib(code39.o)
    0x080086cc   0x080086cc   0x0000000e   Code   RO         5315    i.code39_reset      ATK_QR_V1.4.lib(decoder.o)
    0x080086da   0x080086da   0x000000c8   Code   RO         6169    i.decode4           ATK_QR_V1.4.lib(ean.o)
    0x080087a2   0x080087a2   0x00000002   PAD
    0x080087a4   0x080087a4   0x000001fc   Code   RO         5151    i.decode6           ATK_QR_V1.4.lib(code128.o)
    0x080089a0   0x080089a0   0x0000001c   Code   RO         5152    i.decode_e          ATK_QR_V1.4.lib(code128.o)
    0x080089bc   0x080089bc   0x0000001c   Code   RO         5256    i.decode_e          ATK_QR_V1.4.lib(qr_finder.o)
    0x080089d8   0x080089d8   0x0000001c   Code   RO         6170    i.decode_e          ATK_QR_V1.4.lib(ean.o)
    0x080089f4   0x080089f4   0x0000001c   Code   RO         6259    i.decode_e          ATK_QR_V1.4.lib(i25.o)
    0x08008a10   0x08008a10   0x000000dc   Code   RO         5153    i.decode_hi         ATK_QR_V1.4.lib(code128.o)
    0x08008aec   0x08008aec   0x00000104   Code   RO         6171    i.decode_pass       ATK_QR_V1.4.lib(ean.o)
    0x08008bf0   0x08008bf0   0x000000b4   Code   RO         5316    i.decoder_set_config_bool  ATK_QR_V1.4.lib(decoder.o)
    0x08008ca4   0x08008ca4   0x0000003c   Code   RO         1451    i.delay_init        delay.o
    0x08008ce0   0x08008ce0   0x00000038   Code   RO         1452    i.delay_ms          delay.o
    0x08008d18   0x08008d18   0x0000004c   Code   RO         1453    i.delay_us          delay.o
    0x08008d64   0x08008d64   0x0000004c   Code   RO         1454    i.delay_xms         delay.o
    0x08008db0   0x08008db0   0x000000b4   Code   RO         6172    i.ean_expand_upce   ATK_QR_V1.4.lib(ean.o)
    0x08008e64   0x08008e64   0x00000012   Code   RO         5317    i.ean_new_scan      ATK_QR_V1.4.lib(decoder.o)
    0x08008e76   0x08008e76   0x00000002   PAD
    0x08008e78   0x08008e78   0x000000d8   Code   RO         6173    i.ean_part_end7     ATK_QR_V1.4.lib(ean.o)
    0x08008f50   0x08008f50   0x00000054   Code   RO         6174    i.ean_verify_checksum  ATK_QR_V1.4.lib(ean.o)
    0x08008fa4   0x08008fa4   0x00000098   Code   RO         4087    i.ff_convert        mycc936.o
    0x0800903c   0x0800903c   0x00000044   Code   RO         4530    i.font_init         fontupd.o
    0x08009080   0x08009080   0x0000001c   Code   RO         1511    i.fputc             usart.o
    0x0800909c   0x0800909c   0x00000010   Code   RO         5154    i.get_width         ATK_QR_V1.4.lib(code128.o)
    0x080090ac   0x080090ac   0x00000010   Code   RO         5257    i.get_width         ATK_QR_V1.4.lib(qr_finder.o)
    0x080090bc   0x080090bc   0x00000010   Code   RO         6113    i.get_width         ATK_QR_V1.4.lib(code39.o)
    0x080090cc   0x080090cc   0x00000010   Code   RO         6175    i.get_width         ATK_QR_V1.4.lib(ean.o)
    0x080090dc   0x080090dc   0x00000010   Code   RO         6260    i.get_width         ATK_QR_V1.4.lib(i25.o)
    0x080090ec   0x080090ec   0x00000014   Code   RO         6325    i.gf16_hmul         ATK_QR_V1.4.lib(bch15_5.o)
    0x08009100   0x08009100   0x0000001c   Code   RO         6326    i.gf16_mul          ATK_QR_V1.4.lib(bch15_5.o)
    0x0800911c   0x0800911c   0x0000002a   Code   RO         6261    i.i25_decode1       ATK_QR_V1.4.lib(i25.o)
    0x08009146   0x08009146   0x00000070   Code   RO         6262    i.i25_decode10      ATK_QR_V1.4.lib(i25.o)
    0x080091b6   0x080091b6   0x00000002   PAD
    0x080091b8   0x080091b8   0x0000010c   Code   RO         6263    i.i25_decode_end    ATK_QR_V1.4.lib(i25.o)
    0x080092c4   0x080092c4   0x000000aa   Code   RO         6264    i.i25_decode_start  ATK_QR_V1.4.lib(i25.o)
    0x0800936e   0x0800936e   0x0000000e   Code   RO         5318    i.i25_reset         ATK_QR_V1.4.lib(decoder.o)
    0x0800937c   0x0800937c   0x000001d6   Code   RO         6176    i.integrate_partial  ATK_QR_V1.4.lib(ean.o)
    0x08009552   0x08009552   0x00000002   PAD
    0x08009554   0x08009554   0x00000128   Code   RO         6399    i.isaac_init        ATK_QR_V1.4.lib(isaac.o)
    0x0800967c   0x0800967c   0x0000008c   Code   RO         6400    i.isaac_mix         ATK_QR_V1.4.lib(isaac.o)
    0x08009708   0x08009708   0x00000022   Code   RO         6401    i.isaac_next_uint   ATK_QR_V1.4.lib(isaac.o)
    0x0800972a   0x0800972a   0x0000001c   Code   RO         6402    i.isaac_next_uint32  ATK_QR_V1.4.lib(isaac.o)
    0x08009746   0x08009746   0x00000002   PAD
    0x08009748   0x08009748   0x000001c6   Code   RO         6403    i.isaac_update      ATK_QR_V1.4.lib(isaac.o)
    0x0800990e   0x0800990e   0x00000002   PAD
    0x08009910   0x08009910   0x00000444   Code   RO            3    i.main              main.o
    0x08009d54   0x08009d54   0x0000006c   Code   RO         1558    i.my_mem_free       malloc.o
    0x08009dc0   0x08009dc0   0x00000044   Code   RO         1559    i.my_mem_init       malloc.o
    0x08009e04   0x08009e04   0x000000a8   Code   RO         1560    i.my_mem_malloc     malloc.o
    0x08009eac   0x08009eac   0x00000040   Code   RO         1561    i.my_mem_perused    malloc.o
    0x08009eec   0x08009eec   0x00000024   Code   RO         1562    i.myfree            malloc.o
    0x08009f10   0x08009f10   0x00000028   Code   RO         1563    i.mymalloc          malloc.o
    0x08009f38   0x08009f38   0x0000001a   Code   RO         1564    i.mymemcpy          malloc.o
    0x08009f52   0x08009f52   0x00000014   Code   RO         1565    i.mymemset          malloc.o
    0x08009f66   0x08009f66   0x00000002   PAD
    0x08009f68   0x08009f68   0x0000005c   Code   RO         1566    i.myrealloc         malloc.o
    0x08009fc4   0x08009fc4   0x0000001a   Code   RO         5258    i.pair_width        ATK_QR_V1.4.lib(qr_finder.o)
    0x08009fde   0x08009fde   0x00000002   PAD
    0x08009fe0   0x08009fe0   0x0000013c   Code   RO         5155    i.postprocess       ATK_QR_V1.4.lib(code128.o)
    0x0800a11c   0x0800a11c   0x0000013c   Code   RO         6177    i.postprocess       ATK_QR_V1.4.lib(ean.o)
    0x0800a258   0x0800a258   0x00000096   Code   RO         5156    i.postprocess_c     ATK_QR_V1.4.lib(code128.o)
    0x0800a2ee   0x0800a2ee   0x00000028   Code   RO         5477    i.process_edge      ATK_QR_V1.4.lib(scanner.o)
    0x0800a316   0x0800a316   0x0000009c   Code   RO         5746    i.qr_aff_init       ATK_QR_V1.4.lib(qrdec.o)
    0x0800a3b2   0x0800a3b2   0x000000c6   Code   RO         5747    i.qr_aff_line_step  ATK_QR_V1.4.lib(qrdec.o)
    0x0800a478   0x0800a478   0x00000040   Code   RO         5748    i.qr_aff_project    ATK_QR_V1.4.lib(qrdec.o)
    0x0800a4b8   0x0800a4b8   0x0000002c   Code   RO         5749    i.qr_aff_unproject  ATK_QR_V1.4.lib(qrdec.o)
    0x0800a4e4   0x0800a4e4   0x00000062   Code   RO         5750    i.qr_alignment_pattern_fetch  ATK_QR_V1.4.lib(qrdec.o)
    0x0800a546   0x0800a546   0x00000002   PAD
    0x0800a548   0x0800a548   0x00000450   Code   RO         5751    i.qr_alignment_pattern_search  ATK_QR_V1.4.lib(qrdec.o)
    0x0800a998   0x0800a998   0x00000228   Code   RO         6368    i.qr_binarize       ATK_QR_V1.4.lib(binarize.o)
    0x0800abc0   0x0800abc0   0x0000004a   Code   RO         5752    i.qr_cmp_edge_pt    ATK_QR_V1.4.lib(qrdec.o)
    0x0800ac0a   0x0800ac0a   0x00000002   PAD
    0x0800ac0c   0x0800ac0c   0x00000038   Code   RO         5753    i.qr_code_data_clear  ATK_QR_V1.4.lib(qrdec.o)
    0x0800ac44   0x0800ac44   0x0000002c   Code   RO         5754    i.qr_code_data_list_clear  ATK_QR_V1.4.lib(qrdec.o)
    0x0800ac70   0x0800ac70   0x0000000a   Code   RO         5755    i.qr_code_data_list_init  ATK_QR_V1.4.lib(qrdec.o)
    0x0800ac7a   0x0800ac7a   0x00000002   PAD
    0x0800ac7c   0x0800ac7c   0x000003b0   Code   RO         5756    i.qr_code_data_parse  ATK_QR_V1.4.lib(qrdec.o)
    0x0800b02c   0x0800b02c   0x000001d4   Code   RO         5757    i.qr_code_decode    ATK_QR_V1.4.lib(qrdec.o)
    0x0800b200   0x0800b200   0x0000020c   Code   RO         5758    i.qr_data_mask_fill  ATK_QR_V1.4.lib(qrdec.o)
    0x0800b40c   0x0800b40c   0x00000084   Code   RO            4    i.qr_dcmi_rx_callback  main.o
    0x0800b490   0x0800b490   0x000001cc   Code   RO            5    i.qr_decode         main.o
    0x0800b65c   0x0800b65c   0x00000076   Code   RO         5759    i.qr_finder_center_cmp  ATK_QR_V1.4.lib(qrdec.o)
    0x0800b6d2   0x0800b6d2   0x00000002   PAD
    0x0800b6d4   0x0800b6d4   0x000000ec   Code   RO         5760    i.qr_finder_centers_locate  ATK_QR_V1.4.lib(qrdec.o)
    0x0800b7c0   0x0800b7c0   0x000001b4   Code   RO         5761    i.qr_finder_cluster_lines  ATK_QR_V1.4.lib(qrdec.o)
    0x0800b974   0x0800b974   0x000000d0   Code   RO         5762    i.qr_finder_edge_pts_aff_classify  ATK_QR_V1.4.lib(qrdec.o)
    0x0800ba44   0x0800ba44   0x0000008c   Code   RO         5763    i.qr_finder_edge_pts_fill  ATK_QR_V1.4.lib(qrdec.o)
    0x0800bad0   0x0800bad0   0x000000e8   Code   RO         5764    i.qr_finder_edge_pts_hom_classify  ATK_QR_V1.4.lib(qrdec.o)
    0x0800bbb8   0x0800bbb8   0x00000166   Code   RO         5765    i.qr_finder_estimate_module_size_and_version  ATK_QR_V1.4.lib(qrdec.o)
    0x0800bd1e   0x0800bd1e   0x00000002   PAD
    0x0800bd20   0x0800bd20   0x00000230   Code   RO         5766    i.qr_finder_find_crossings  ATK_QR_V1.4.lib(qrdec.o)
    0x0800bf50   0x0800bf50   0x000002fe   Code   RO         5767    i.qr_finder_fmt_info_decode  ATK_QR_V1.4.lib(qrdec.o)
    0x0800c24e   0x0800c24e   0x0000002a   Code   RO         5768    i.qr_finder_lines_are_crossing  ATK_QR_V1.4.lib(qrdec.o)
    0x0800c278   0x0800c278   0x00000158   Code   RO         5769    i.qr_finder_locate_crossing  ATK_QR_V1.4.lib(qrdec.o)
    0x0800c3d0   0x0800c3d0   0x00000084   Code   RO         5770    i.qr_finder_quick_crossing_check  ATK_QR_V1.4.lib(qrdec.o)
    0x0800c454   0x0800c454   0x00000194   Code   RO         5771    i.qr_finder_ransac  ATK_QR_V1.4.lib(qrdec.o)
    0x0800c5e8   0x0800c5e8   0x00000164   Code   RO         5772    i.qr_finder_version_decode  ATK_QR_V1.4.lib(qrdec.o)
    0x0800c74c   0x0800c74c   0x00000018   Code   RO         5774    i.qr_hamming_dist   ATK_QR_V1.4.lib(qrdec.o)
    0x0800c764   0x0800c764   0x0000008c   Code   RO         4986    i.qr_handler        ATK_QR_V1.4.lib(img_scanner.o)
    0x0800c7f0   0x0800c7f0   0x00000060   Code   RO         5775    i.qr_hom_cell_fproject  ATK_QR_V1.4.lib(qrdec.o)
    0x0800c850   0x0800c850   0x0000080c   Code   RO         5776    i.qr_hom_cell_init  ATK_QR_V1.4.lib(qrdec.o)
    0x0800d05c   0x0800d05c   0x00000048   Code   RO         5777    i.qr_hom_cell_project  ATK_QR_V1.4.lib(qrdec.o)
    0x0800d0a4   0x0800d0a4   0x00000ae6   Code   RO         5778    i.qr_hom_fit        ATK_QR_V1.4.lib(qrdec.o)
    0x0800db8a   0x0800db8a   0x00000060   Code   RO         5779    i.qr_hom_fproject   ATK_QR_V1.4.lib(qrdec.o)
    0x0800dbea   0x0800dbea   0x00000784   Code   RO         5780    i.qr_hom_init       ATK_QR_V1.4.lib(qrdec.o)
    0x0800e36e   0x0800e36e   0x00000098   Code   RO         5781    i.qr_hom_unproject  ATK_QR_V1.4.lib(qrdec.o)
    0x0800e406   0x0800e406   0x00000002   PAD
    0x0800e408   0x0800e408   0x000000b4   Code   RO         6541    i.qr_ihypot         ATK_QR_V1.4.lib(util.o)
    0x0800e4bc   0x0800e4bc   0x00000046   Code   RO         6542    i.qr_ilog           ATK_QR_V1.4.lib(util.o)
    0x0800e502   0x0800e502   0x000000a4   Code   RO         5782    i.qr_img_get_bit    ATK_QR_V1.4.lib(qrdec.o)
    0x0800e5a6   0x0800e5a6   0x00000002   PAD
    0x0800e5a8   0x0800e5a8   0x0000002a   Code   RO         6543    i.qr_isqrt          ATK_QR_V1.4.lib(util.o)
    0x0800e5d2   0x0800e5d2   0x00000010   Code   RO         5783    i.qr_line_eval      ATK_QR_V1.4.lib(qrdec.o)
    0x0800e5e2   0x0800e5e2   0x00000132   Code   RO         5784    i.qr_line_fit       ATK_QR_V1.4.lib(qrdec.o)
    0x0800e714   0x0800e714   0x00000066   Code   RO         5785    i.qr_line_fit_finder_edge  ATK_QR_V1.4.lib(qrdec.o)
    0x0800e77a   0x0800e77a   0x00000002   PAD
    0x0800e77c   0x0800e77c   0x0000012c   Code   RO         5786    i.qr_line_fit_finder_pair  ATK_QR_V1.4.lib(qrdec.o)
    0x0800e8a8   0x0800e8a8   0x00000250   Code   RO         5787    i.qr_line_fit_points  ATK_QR_V1.4.lib(qrdec.o)
    0x0800eaf8   0x0800eaf8   0x00000020   Code   RO         5788    i.qr_line_orient    ATK_QR_V1.4.lib(qrdec.o)
    0x0800eb18   0x0800eb18   0x0000000e   Code   RO         5789    i.qr_pack_buf_avail  ATK_QR_V1.4.lib(qrdec.o)
    0x0800eb26   0x0800eb26   0x00000068   Code   RO         5790    i.qr_pack_buf_read  ATK_QR_V1.4.lib(qrdec.o)
    0x0800eb8e   0x0800eb8e   0x0000001e   Code   RO         5791    i.qr_point_ccw      ATK_QR_V1.4.lib(qrdec.o)
    0x0800ebac   0x0800ebac   0x00000014   Code   RO         5792    i.qr_point_distance2  ATK_QR_V1.4.lib(qrdec.o)
    0x0800ebc0   0x0800ebc0   0x0000000e   Code   RO         5793    i.qr_point_translate  ATK_QR_V1.4.lib(qrdec.o)
    0x0800ebce   0x0800ebce   0x00000002   PAD
    0x0800ebd0   0x0800ebd0   0x00000212   Code   RO         5794    i.qr_reader_match_centers  ATK_QR_V1.4.lib(qrdec.o)
    0x0800ede2   0x0800ede2   0x00000002   PAD
    0x0800ede4   0x0800ede4   0x000002f8   Code   RO         5795    i.qr_reader_try_configuration  ATK_QR_V1.4.lib(qrdec.o)
    0x0800f0dc   0x0800f0dc   0x000001ac   Code   RO         5796    i.qr_samples_unpack  ATK_QR_V1.4.lib(qrdec.o)
    0x0800f288   0x0800f288   0x00000054   Code   RO         5797    i.qr_sampling_grid_fp_mask_rect  ATK_QR_V1.4.lib(qrdec.o)
    0x0800f2dc   0x0800f2dc   0x00000720   Code   RO         5798    i.qr_sampling_grid_init  ATK_QR_V1.4.lib(qrdec.o)
    0x0800f9fc   0x0800f9fc   0x00000154   Code   RO         5799    i.qr_sampling_grid_sample  ATK_QR_V1.4.lib(qrdec.o)
    0x0800fb50   0x0800fb50   0x0000001a   Code   RO         4987    i.quiet_border      ATK_QR_V1.4.lib(img_scanner.o)
    0x0800fb6a   0x0800fb6a   0x00000020   Code   RO         4988    i.recycle_syms      ATK_QR_V1.4.lib(img_scanner.o)
    0x0800fb8a   0x0800fb8a   0x00000190   Code   RO         6453    i.rs_correct        ATK_QR_V1.4.lib(rs.o)
    0x0800fd1a   0x0800fd1a   0x00000118   Code   RO         6454    i.rs_cubic_solve    ATK_QR_V1.4.lib(rs.o)
    0x0800fe32   0x0800fe32   0x00000002   PAD
    0x0800fe34   0x0800fe34   0x000000a4   Code   RO         6456    i.rs_find_roots     ATK_QR_V1.4.lib(rs.o)
    0x0800fed8   0x0800fed8   0x00000014   Code   RO         6457    i.rs_gdiv           ATK_QR_V1.4.lib(rs.o)
    0x0800feec   0x0800feec   0x00000038   Code   RO         6458    i.rs_gf256_init     ATK_QR_V1.4.lib(rs.o)
    0x0800ff24   0x0800ff24   0x00000016   Code   RO         6459    i.rs_gmul           ATK_QR_V1.4.lib(rs.o)
    0x0800ff3a   0x0800ff3a   0x0000001c   Code   RO         6460    i.rs_gsqrt          ATK_QR_V1.4.lib(rs.o)
    0x0800ff56   0x0800ff56   0x00000012   Code   RO         6461    i.rs_hgmul          ATK_QR_V1.4.lib(rs.o)
    0x0800ff68   0x0800ff68   0x0000018c   Code   RO         6462    i.rs_modified_berlekamp_massey  ATK_QR_V1.4.lib(rs.o)
    0x080100f4   0x080100f4   0x00000004   Code   RO         6463    i.rs_poly_zero      ATK_QR_V1.4.lib(rs.o)
    0x080100f8   0x080100f8   0x000001d8   Code   RO         6464    i.rs_quadratic_solve  ATK_QR_V1.4.lib(rs.o)
    0x080102d0   0x080102d0   0x0000015a   Code   RO         6465    i.rs_quartic_solve  ATK_QR_V1.4.lib(rs.o)
    0x0801042a   0x0801042a   0x0000003a   Code   RO         5157    i.size_buf          ATK_QR_V1.4.lib(code128.o)
    0x08010464   0x08010464   0x0000003a   Code   RO         4989    i.sym_add_point     ATK_QR_V1.4.lib(img_scanner.o)
    0x0801049e   0x0801049e   0x000000e4   Code   RO         4990    i.symbol_handler    ATK_QR_V1.4.lib(img_scanner.o)
    0x08010582   0x08010582   0x00000002   PAD
    0x08010584   0x08010584   0x000000ac   Code   RO         1512    i.uart_init         usart.o
    0x08010630   0x08010630   0x00000094   Code   RO         5319    i.zbar_decode_width  ATK_QR_V1.4.lib(decoder.o)
    0x080106c4   0x080106c4   0x00000068   Code   RO         5320    i.zbar_decoder_create  ATK_QR_V1.4.lib(decoder.o)
    0x0801072c   0x0801072c   0x00000016   Code   RO         5321    i.zbar_decoder_destroy  ATK_QR_V1.4.lib(decoder.o)
    0x08010742   0x08010742   0x00000004   Code   RO         5323    i.zbar_decoder_get_data  ATK_QR_V1.4.lib(decoder.o)
    0x08010746   0x08010746   0x00000004   Code   RO         5324    i.zbar_decoder_get_data_length  ATK_QR_V1.4.lib(decoder.o)
    0x0801074a   0x0801074a   0x00000006   Code   RO         5325    i.zbar_decoder_get_type  ATK_QR_V1.4.lib(decoder.o)
    0x08010750   0x08010750   0x00000004   Code   RO         5326    i.zbar_decoder_get_userdata  ATK_QR_V1.4.lib(decoder.o)
    0x08010754   0x08010754   0x0000003c   Code   RO         5327    i.zbar_decoder_new_scan  ATK_QR_V1.4.lib(decoder.o)
    0x08010790   0x08010790   0x0000003c   Code   RO         5328    i.zbar_decoder_reset  ATK_QR_V1.4.lib(decoder.o)
    0x080107cc   0x080107cc   0x000000c0   Code   RO         5329    i.zbar_decoder_set_config  ATK_QR_V1.4.lib(decoder.o)
    0x0801088c   0x0801088c   0x00000008   Code   RO         5330    i.zbar_decoder_set_handler  ATK_QR_V1.4.lib(decoder.o)
    0x08010894   0x08010894   0x00000004   Code   RO         5331    i.zbar_decoder_set_userdata  ATK_QR_V1.4.lib(decoder.o)
    0x08010898   0x08010898   0x0000002e   Code   RO         4807    i.zbar_image_create  ATK_QR_V1.4.lib(image.o)
    0x080108c6   0x080108c6   0x00000002   PAD
    0x080108c8   0x080108c8   0x0000004c   Code   RO         4946    i.zbar_image_free_data  ATK_QR_V1.4.lib(image.o)
    0x08010914   0x08010914   0x00000064   Code   RO         4991    i.zbar_image_scanner_create  ATK_QR_V1.4.lib(img_scanner.o)
    0x08010978   0x08010978   0x00000062   Code   RO         4992    i.zbar_image_scanner_destroy  ATK_QR_V1.4.lib(img_scanner.o)
    0x080109da   0x080109da   0x00000044   Code   RO         5082    i.zbar_image_scanner_recycle_image  ATK_QR_V1.4.lib(img_scanner.o)
    0x08010a1e   0x08010a1e   0x0000004c   Code   RO         4995    i.zbar_image_scanner_set_config  ATK_QR_V1.4.lib(img_scanner.o)
    0x08010a6a   0x08010a6a   0x0000001a   Code   RO         4819    i.zbar_image_set_data  ATK_QR_V1.4.lib(image.o)
    0x08010a84   0x08010a84   0x00000004   Code   RO         4820    i.zbar_image_set_format  ATK_QR_V1.4.lib(image.o)
    0x08010a88   0x08010a88   0x00000006   Code   RO         4822    i.zbar_image_set_size  ATK_QR_V1.4.lib(image.o)
    0x08010a8e   0x08010a8e   0x00000002   PAD
    0x08010a90   0x08010a90   0x000002a8   Code   RO         4997    i.zbar_scan_image   ATK_QR_V1.4.lib(img_scanner.o)
    0x08010d38   0x08010d38   0x0000013a   Code   RO         5478    i.zbar_scan_y       ATK_QR_V1.4.lib(scanner.o)
    0x08010e72   0x08010e72   0x00000022   Code   RO         5479    i.zbar_scanner_create  ATK_QR_V1.4.lib(scanner.o)
    0x08010e94   0x08010e94   0x00000004   Code   RO         5480    i.zbar_scanner_destroy  ATK_QR_V1.4.lib(scanner.o)
    0x08010e98   0x08010e98   0x00000046   Code   RO         5551    i.zbar_scanner_flush  ATK_QR_V1.4.lib(scanner.o)
    0x08010ede   0x08010ede   0x00000020   Code   RO         5482    i.zbar_scanner_get_edge  ATK_QR_V1.4.lib(scanner.o)
    0x08010efe   0x08010efe   0x00000004   Code   RO         5484    i.zbar_scanner_get_width  ATK_QR_V1.4.lib(scanner.o)
    0x08010f02   0x08010f02   0x0000002a   Code   RO         5485    i.zbar_scanner_new_scan  ATK_QR_V1.4.lib(scanner.o)
    0x08010f2c   0x08010f2c   0x00000022   Code   RO         5486    i.zbar_scanner_reset  ATK_QR_V1.4.lib(scanner.o)
    0x08010f4e   0x08010f4e   0x00000012   Code   RO         5590    i.zbar_symbol_set_ref  ATK_QR_V1.4.lib(symbol.o)
    0x08010f60   0x08010f60   0x0000005a   Code   RO         6744    x$fpl$dfixu         fz_wm.l(dfixu.o)
    0x08010fba   0x08010fba   0x00000026   Code   RO         6748    x$fpl$dfltu         fz_wm.l(dflt_clz.o)
    0x08010fe0   0x08010fe0   0x00000154   Code   RO         6754    x$fpl$dmul          fz_wm.l(dmul.o)
    0x08011134   0x08011134   0x0000009c   Code   RO         6859    x$fpl$dnaninf       fz_wm.l(dnaninf.o)
    0x080111d0   0x080111d0   0x0000000c   Code   RO         6861    x$fpl$dretinf       fz_wm.l(dretinf.o)
    0x080111dc   0x080111dc   0x0000000a   Code   RO         6913    x$fpl$fpinit        fz_wm.l(fpinit.o)
    0x080111e6   0x080111e6   0x00000000   Code   RO         6863    x$fpl$usenofp       fz_wm.l(usenofp.o)
    0x080111e6   0x080111e6   0x000017c0   Data   RO          591    .constdata          lcd.o
    0x080129a6   0x080129a6   0x00000328   Data   RO          857    .constdata          ov2640.o
    0x08012cce   0x08012cce   0x00000002   PAD
    0x08012cd0   0x08012cd0   0x00000024   Data   RO         1572    .constdata          malloc.o
    0x08012cf4   0x08012cf4   0x000001b4   Data   RO         5159    .constdata          ATK_QR_V1.4.lib(code128.o)
    0x08012ea8   0x08012ea8   0x00000244   Data   RO         5800    .constdata          ATK_QR_V1.4.lib(qrdec.o)
    0x080130ec   0x080130ec   0x000000d0   Data   RO         6114    .constdata          ATK_QR_V1.4.lib(code39.o)
    0x080131bc   0x080131bc   0x00000034   Data   RO         6178    .constdata          ATK_QR_V1.4.lib(ean.o)
    0x080131f0   0x080131f0   0x0000002f   Data   RO         6327    .constdata          ATK_QR_V1.4.lib(bch15_5.o)
    0x0801321f   0x0801321f   0x00000008   Data   RO         6404    .constdata          ATK_QR_V1.4.lib(isaac.o)
    0x08013227   0x08013227   0x00000028   Data   RO         6681    .constdata          c_w.l(_printf_hex_int_ptr.o)
    0x0801324f   0x0801324f   0x00000011   Data   RO         6707    .constdata          c_w.l(__printf_flags_ss_wp.o)
    0x08013260   0x08013260   0x00000020   Data   RO         7010    Region$$Table       anon$$obj.o


    Execution Region RW_IRAM1 (Exec base: 0x20000000, Load base: 0x08013280, Size: 0x0001c070, Max: 0x00020000, ABSOLUTE)

    Exec Addr    Load Addr    Size         Type   Attr      Idx    E Section Name        Object

    0x20000000   0x08013280   0x00000013   Data   RW            6    .data               main.o
    0x20000013   0x08013293   0x00000001   PAD
    0x20000014   0x08013294   0x00000004   Data   RW          592    .data               lcd.o
    0x20000018   0x08013298   0x00000008   Data   RW          782    .data               dcmi.o
    0x20000020   0x080132a0   0x00000002   Data   RW         1077    .data               w25qxx.o
    0x20000022   0x080132a2   0x00000002   PAD
    0x20000024   0x080132a4   0x00000010   Data   RW         1207    .data               sdio_sdcard.o
    0x20000034   0x080132b4   0x00000001   Data   RW         1423    .data               key.o
    0x20000035   0x080132b5   0x00000001   PAD
    0x20000036   0x080132b6   0x00000004   Data   RW         1455    .data               delay.o
    0x2000003a   0x080132ba   0x00000002   PAD
    0x2000003c   0x080132bc   0x00000006   Data   RW         1514    .data               usart.o
    0x20000042   0x080132c2   0x00000002   PAD
    0x20000044   0x080132c4   0x00000024   Data   RW         1573    .data               malloc.o
    0x20000068   0x080132e8   0x00000010   Data   RW         2203    .data               stm32f4xx_rcc.o
    0x20000078   0x080132f8   0x00000010   Data   RW         4684    .data               ATK_QR_V1.4.lib(atk_zbar.o)
    0x20000088   0x08013308   0x00000008   Data   RW         5161    .data               ATK_QR_V1.4.lib(code128.o)
    0x20000090        -       0x0000000e   Zero   RW          590    .bss                lcd.o
    0x2000009e        -       0x0000000e   Zero   RW          781    .bss                dcmi.o
    0x200000ac   0x08013310   0x00000004   PAD
    0x200000b0        -       0x000002c0   Zero   RW         1206    .bss                sdio_sdcard.o
    0x20000370        -       0x000000c8   Zero   RW         1513    .bss                usart.o
    0x20000438   0x08013310   0x00000008   PAD
    0x20000440        -       0x0001a900   Zero   RW         1571    .bss                malloc.o
    0x2001ad40        -       0x00000021   Zero   RW         4534    .bss                fontupd.o
    0x2001ad61   0x08013310   0x00000003   PAD
    0x2001ad64        -       0x00000014   Zero   RW         4683    .bss                ATK_QR_V1.4.lib(atk_zbar.o)
    0x2001ad78        -       0x00000096   Zero   RW         5158    .bss                ATK_QR_V1.4.lib(code128.o)
    0x2001ae0e   0x08013310   0x00000002   PAD
    0x2001ae10        -       0x00000060   Zero   RW         6867    .bss                c_w.l(libspace.o)
    0x2001ae70        -       0x00000200   Zero   RW         1637    HEAP                startup_stm32f40_41xxx.o
    0x2001b070        -       0x00001000   Zero   RW         1636    STACK               startup_stm32f40_41xxx.o



  Load Region LR$$.ARM.__AT_0x10000000 (Base: 0x10000000, Size: 0x00000000, Max: 0x0000f000, ABSOLUTE)

    Execution Region ER$$.ARM.__AT_0x10000000 (Exec base: 0x10000000, Load base: 0x10000000, Size: 0x0000f000, Max: 0x0000f000, ABSOLUTE, UNINIT)

    Exec Addr    Load Addr    Size         Type   Attr      Idx    E Section Name        Object

    0x10000000        -       0x0000f000   Zero   RW         1567    .ARM.__AT_0x10000000  malloc.o



  Load Region LR$$.ARM.__AT_0x1000F000 (Base: 0x1000f000, Size: 0x00000000, Max: 0x00000f00, ABSOLUTE)

    Execution Region ER$$.ARM.__AT_0x1000F000 (Exec base: 0x1000f000, Load base: 0x1000f000, Size: 0x00000f00, Max: 0x00000f00, ABSOLUTE, UNINIT)

    Exec Addr    Load Addr    Size         Type   Attr      Idx    E Section Name        Object

    0x1000f000        -       0x00000f00   Zero   RW         1568    .ARM.__AT_0x1000F000  malloc.o



  Load Region LR$$.ARM.__AT_0x68000000 (Base: 0x68000000, Size: 0x00000000, Max: 0x000f0000, ABSOLUTE)

    Execution Region ER$$.ARM.__AT_0x68000000 (Exec base: 0x68000000, Load base: 0x68000000, Size: 0x000f0000, Max: 0x000f0000, ABSOLUTE, UNINIT)

    Exec Addr    Load Addr    Size         Type   Attr      Idx    E Section Name        Object

    0x68000000        -       0x000f0000   Zero   RW         1569    .ARM.__AT_0x68000000  malloc.o



  Load Region LR$$.ARM.__AT_0x680F0000 (Base: 0x680f0000, Size: 0x00000000, Max: 0x0000f000, ABSOLUTE)

    Execution Region ER$$.ARM.__AT_0x680F0000 (Exec base: 0x680f0000, Load base: 0x680f0000, Size: 0x0000f000, Max: 0x0000f000, ABSOLUTE, UNINIT)

    Exec Addr    Load Addr    Size         Type   Attr      Idx    E Section Name        Object

    0x680f0000        -       0x0000f000   Zero   RW         1570    .ARM.__AT_0x680F0000  malloc.o


==============================================================================

Image component sizes


      Code (inc. data)   RO Data    RW Data    ZI Data      Debug   Object Name

       100          0          0          0          0       3480   atk_qrdecode.o
        64          4          0          0          0        524   beep.o
       636         68          0          8         14       3877   dcmi.o
       268         16          0          4          0       2447   delay.o
         0          0          0          0          0       2960   exfuns.o
        68          4          0          0         33       2013   fontupd.o
       268         20          0          1          0       1226   key.o
     17890        214       6080          4         14      24071   lcd.o
        64          4          0          0          0        519   led.o
      1684        328          0         19          0     260641   main.o
       622         82         36         36    1218560       7749   malloc.o
       180         24          0          0          0       2009   misc.o
       152          6          0          0          0        913   mycc936.o
       570         52        808          0          0       4161   ov2640.o
       672         60          0          0          0       4605   sccb.o
       448         28          0         16        704      11430   sdio_sdcard.o
       292         20          0          0          0       1781   spi.o
       716         22          0          0          0        977   sram.o
        64         26        392          0       4608        824   startup_stm32f40_41xxx.o
       240         36          0          0          0       4027   stm32f4xx_dcmi.o
       684         54          0          0          0       6767   stm32f4xx_dma.o
       282          6          0          0          0       1773   stm32f4xx_fsmc.o
       240          0          0          0          0       3415   stm32f4xx_gpio.o
        42          4          0          0          0      93490   stm32f4xx_it.o
       392         48          0         16          0       5661   stm32f4xx_rcc.o
        80         14          0          0          0       3421   stm32f4xx_sdio.o
       112          0          0          0          0       3390   stm32f4xx_spi.o
        40          0          0          0          0       1778   stm32f4xx_tim.o
       404          8          0          0          0       4162   stm32f4xx_usart.o
       340         32          0          0          0       1425   system_stm32f4xx.o
       730         20          0          0          0       4158   text.o
       100          4          0          0          0     229646   timer.o
       340         28          0          6        200       4184   usart.o
       272         32          0          2          0       2480   w25qxx.o

    ----------------------------------------------------------------------
     29092       1264       7350        120    1224148     705984   Object Totals
         0          0         32          0          0          0   (incl. Generated)
        36          0          2          8         15          0   (incl. Padding)

    ----------------------------------------------------------------------

      Code (inc. data)   RO Data    RW Data    ZI Data      Debug   Library Member Name

       838         40          0         16         20      15977   atk_zbar.o
       588         26         47          0          0       6195   bch15_5.o
       552          0          0          0          0       1610   binarize.o
      1676         16        436          8        150      15965   code128.o
       756         20        208          0          0      11441   code39.o
       856         10          0          0          0      19072   decoder.o
      2218         30         52          0          0      18707   ean.o
       894         14          0          0          0      12055   i25.o
       230          0          0          0          0      11156   image.o
      2066         36          0          0          0      25877   img_scanner.o
       952         10          8          0          0       5039   isaac.o
       296          0          0          0          0       8973   qr_finder.o
     21422         74        580          0          0      94503   qrdec.o
         2          0          0          0          0        492   refcnt.o
      2206          0          0          0          0      14609   rs.o
       628          0          0          0          0      11496   scanner.o
       162          0          0          0          0       8778   symbol.o
       292          4          0          0          0       2089   util.o
        24          4          0          0          0         84   __2printf.o
         8          0          0          0          0         68   __main.o
       392          4         17          0          0         92   __printf_flags_ss_wp.o
        14          0          0          0          0         68   __printf_wp.o
         0          0          0          0          0          0   __rtentry.o
        12          0          0          0          0          0   __rtentry2.o
         6          0          0          0          0          0   __rtentry4.o
        52          8          0          0          0          0   __scatter.o
        26          0          0          0          0          0   __scatter_copy.o
        28          0          0          0          0          0   __scatter_zi.o
        44          0          0          0          0        108   _printf_char.o
        48          6          0          0          0         96   _printf_char_common.o
        36          4          0          0          0         80   _printf_char_file.o
         6          0          0          0          0          0   _printf_d.o
       120         16          0          0          0         92   _printf_dec.o
       124          4         40          0          0        144   _printf_hex_int_ptr.o
       178          0          0          0          0         88   _printf_intcommon.o
         0          0          0          0          0          0   _printf_percent.o
         4          0          0          0          0          0   _printf_percent_end.o
         6          0          0          0          0          0   _printf_s.o
        82          0          0          0          0         80   _printf_str.o
         6          0          0          0          0          0   _printf_x.o
        18          0          0          0          0         80   exit.o
         8          0          0          0          0         68   ferror.o
         6          0          0          0          0        152   heapauxi.o
         2          0          0          0          0          0   libinit.o
         6          0          0          0          0          0   libinit2.o
         2          0          0          0          0          0   libshutdown.o
         2          0          0          0          0          0   libshutdown2.o
         8          4          0          0         96         68   libspace.o
        72          0          0          0          0         76   llsdiv.o
        38          0          0          0          0         68   llsshr.o
       238          0          0          0          0        100   lludivv7m.o
        88          0          0          0          0         76   memcmp.o
       612          0          0          0          0        136   qsortnoex.o
        68          0          0          0          0         68   rt_memclr.o
        78          0          0          0          0         80   rt_memclr_w.o
       138          0          0          0          0         68   rt_memcpy_v6.o
       100          0          0          0          0         80   rt_memcpy_w.o
       132          0          0          0          0         68   rt_memmove_v6.o
       122          0          0          0          0         80   rt_memmove_w.o
         2          0          0          0          0          0   rtexit.o
        10          0          0          0          0          0   rtexit2.o
       128          0          0          0          0         68   strcmpv7m.o
        72          0          0          0          0         80   strcpy.o
        62          0          0          0          0         76   strlen.o
        74          0          0          0          0         80   sys_stackheap_outer.o
         2          0          0          0          0         68   use_no_semi.o
         2          0          0          0          0         68   use_no_semi_2.o
        90          4          0          0          0        140   dfixu.o
        38          0          0          0          0        116   dflt_clz.o
       340         12          0          0          0        152   dmul.o
       156          4          0          0          0        140   dnaninf.o
        12          0          0          0          0        116   dretinf.o
        10          0          0          0          0        116   fpinit.o
         0          0          0          0          0          0   usenofp.o

    ----------------------------------------------------------------------
     40634        350       1388         24        268     287522   Library Totals
        48          0          0          0          2          0   (incl. Padding)

    ----------------------------------------------------------------------

      Code (inc. data)   RO Data    RW Data    ZI Data      Debug   Library Name

     36634        280       1331         24        170     284034   ATK_QR_V1.4.lib
      3306         50         57          0         96       2708   c_w.l
       646         20          0          0          0        780   fz_wm.l

    ----------------------------------------------------------------------
     40634        350       1388         24        268     287522   Library Totals

    ----------------------------------------------------------------------

==============================================================================


      Code (inc. data)   RO Data    RW Data    ZI Data      Debug   

     69726       1614       8738        144    1224416     960350   Grand Totals
     69726       1614       8738        144    1224416     960350   ELF Image Totals
     69726       1614       8738        144          0          0   ROM Totals

==============================================================================

    Total RO  Size (Code + RO Data)                78464 (  76.63kB)
    Total RW  Size (RW Data + ZI Data)           1224560 (1195.86kB)
    Total ROM Size (Code + RO Data + RW Data)      78608 (  76.77kB)

==============================================================================

